 HSG_sfun

 Timestamp is 5b4dc478 (Tue Jul 17 13:27:04 2018)

 Preferred load address is 0000000180000000

 Start         Length     Name                   Class
 0001:00000000 00016c13H .text$mn                CODE
 0001:00016c20 00000012H .text$mn$00             CODE
 0001:00016c32 00000081H .text$x                 CODE
 0002:00000000 00000568H .idata$5                DATA
 0002:00000568 00000010H .00cfg                  DATA
 0002:00000578 00000008H .CRT$XCA                DATA
 0002:00000580 00000008H .CRT$XCZ                DATA
 0002:00000588 00000008H .CRT$XIA                DATA
 0002:00000590 00000008H .CRT$XIZ                DATA
 0002:00000598 00000008H .CRT$XPA                DATA
 0002:000005a0 00000008H .CRT$XPZ                DATA
 0002:000005a8 00000008H .CRT$XTA                DATA
 0002:000005b0 00000008H .CRT$XTZ                DATA
 0002:000005c0 000002e4H .rdata                  DATA
 0002:000008a4 0000022cH .rdata$zzzdbg           DATA
 0002:00000ad0 00000008H .rtc$IAA                DATA
 0002:00000ad8 00000008H .rtc$IZZ                DATA
 0002:00000ae0 00000008H .rtc$TAA                DATA
 0002:00000ae8 00000008H .rtc$TZZ                DATA
 0002:00000af0 000009b4H .xdata                  DATA
 0002:000014b0 00000072H .edata                  DATA
 0002:00001524 0000012cH .idata$2                DATA
 0002:00001650 00000014H .idata$3                DATA
 0002:00001668 00000568H .idata$4                DATA
 0002:00001bd0 00001030H .idata$6                DATA
 0003:00000000 00002c44H .data                   DATA
 0003:00002c50 00001630H .bss                    DATA
 0004:00000000 00000ba0H .pdata                  DATA
 0005:00000000 00000018H .gfids$y                DATA

  Address         Publics by Value              Rva+Base               Lib:Object

 0000:00000000       __guard_fids_count         0000000000000000     <absolute>
 0000:00000000       __guard_iat_count          0000000000000000     <absolute>
 0000:00000000       __guard_iat_table          0000000000000000     <absolute>
 0000:00000000       ___safe_se_handler_table   0000000000000000     <absolute>
 0000:00000000       __guard_longjmp_table      0000000000000000     <absolute>
 0000:00000000       __guard_fids_table         0000000000000000     <absolute>
 0000:00000000       __guard_longjmp_count      0000000000000000     <absolute>
 0000:00000000       ___safe_se_handler_count   0000000000000000     <absolute>
 0000:00000100       __guard_flags              0000000000000100     <absolute>
 0000:00000000       __ImageBase                0000000180000000     <linker-defined>
 0001:00000000       HSG_initializer            0000000180001000 f   HSG_sfun.obj
 0001:00000010       HSG_terminator             0000000180001010 f   HSG_sfun.obj
 0001:00000020       load_HSG_optimization_info 0000000180001020 f   HSG_sfun.obj
 0001:000000d0       unload_HSG_optimization_info 00000001800010d0 f   HSG_sfun.obj
 0001:00000100       sf_HSG_method_dispatcher   0000000180001100 f   HSG_sfun.obj
 0001:00000150       sf_HSG_process_check_sum_call 0000000180001150 f   HSG_sfun.obj
 0001:00000640       sf_HSG_autoinheritance_info 0000000180001640 f   HSG_sfun.obj
 0001:00000820       sf_HSG_get_eml_resolved_functions_info 0000000180001820 f   HSG_sfun.obj
 0001:00000a00       sf_HSG_third_party_uses_info 0000000180001a00 f   HSG_sfun.obj
 0001:00000bd0       sf_HSG_jit_fallback_info   0000000180001bd0 f   HSG_sfun.obj
 0001:00000da0       sf_HSG_updateBuildInfo_args_info 0000000180001da0 f   HSG_sfun.obj
 0001:00000f70       HSG_debug_initialize       0000000180001f70 f   HSG_sfun.obj
 0001:00000ff0       HSG_register_exported_symbols 0000000180001ff0 f   HSG_sfun.obj
 0001:00001000       sf_c1_HSG_get_eml_resolved_functions_info 0000000180002000 f   c1_HSG.obj
 0001:00001080       sf_c1_HSG_get_check_sum    0000000180002080 f   c1_HSG.obj
 0001:00001150       c1_HSG_method_dispatcher   0000000180002150 f   c1_HSG.obj
 0001:0000ad70       sf_c1_HSG_get_post_codegen_info 000000018000bd70 f   c1_HSG.obj
 0001:0000ae40       sf_c1_HSG_get_autoinheritance_info 000000018000be40 f   c1_HSG.obj
 0001:0000b340       sf_c1_HSG_third_party_uses_info 000000018000c340 f   c1_HSG.obj
 0001:0000b3c0       sf_c1_HSG_jit_fallback_info 000000018000c3c0 f   c1_HSG.obj
 0001:0000b550       sf_c1_HSG_updateBuildInfo_args_info 000000018000c550 f   c1_HSG.obj
 0001:0000c1e0       mexFunction                000000018000d1e0 f   HSG_sfun_registry.obj
 0001:0000e7a0       _ssSetInputPortDirectFeedThroughFcn 000000018000f7a0 f   HSG_sfun_registry.obj
 0001:0000e910       _ssGetInputPortSignalPtrsFcn 000000018000f910 f   HSG_sfun_registry.obj
 0001:0000eca0       _ssGetInputPortSignalFcn   000000018000fca0 f   HSG_sfun_registry.obj
 0001:0000f030       _ssSetInputPortReusableFcn 0000000180010030 f   HSG_sfun_registry.obj
 0001:0000f130       _ssSetOutputPortReusableFcn 0000000180010130 f   HSG_sfun_registry.obj
 0001:0000f230       _ssSetSymbolicDimsSupport  0000000180010230 f   HSG_sfun_registry.obj
 0001:0000f2a0       _ssRegisterSymbolicDimsExpr 00000001800102a0 f   HSG_sfun_registry.obj
 0001:0000f320       _ssRegisterSymbolicDims    0000000180010320 f   HSG_sfun_registry.obj
 0001:0000f3c0       _ssRegisterSymbolicDimsString 00000001800103c0 f   HSG_sfun_registry.obj
 0001:0000f440       _ssRegisterSymbolicDimsIntValue 0000000180010440 f   HSG_sfun_registry.obj
 0001:0000f4b0       _ssRegisterSymbolicDimsPlus 00000001800104b0 f   HSG_sfun_registry.obj
 0001:0000f530       _ssRegisterSymbolicDimsMinus 0000000180010530 f   HSG_sfun_registry.obj
 0001:0000f5b0       _ssRegisterSymbolicDimsMultiply 00000001800105b0 f   HSG_sfun_registry.obj
 0001:0000f630       _ssRegisterSymbolicDimsDivide 0000000180010630 f   HSG_sfun_registry.obj
 0001:0000f6b0       _ssGetNumSymbolicDims      00000001800106b0 f   HSG_sfun_registry.obj
 0001:0000f720       _ssGetSymbolicDim          0000000180010720 f   HSG_sfun_registry.obj
 0001:0000f7a0       _ssSetInputPortSymbolicDimsId 00000001800107a0 f   HSG_sfun_registry.obj
 0001:0000f810       _ssGetCompInputPortSymbolicDimsId 0000000180010810 f   HSG_sfun_registry.obj
 0001:0000f880       _ssSetCompInputPortSymbolicDimsId 0000000180010880 f   HSG_sfun_registry.obj
 0001:0000f8f0       _ssSetOutputPortSymbolicDimsId 00000001800108f0 f   HSG_sfun_registry.obj
 0001:0000f960       _ssGetCompOutputPortSymbolicDimsId 0000000180010960 f   HSG_sfun_registry.obj
 0001:0000f9d0       _ssSetCompOutputPortSymbolicDimsId 00000001800109d0 f   HSG_sfun_registry.obj
 0001:0000fa40       _ssSetCompDWorkSymbolicDimsId 0000000180010a40 f   HSG_sfun_registry.obj
 0001:0000fab0       ssGetIsZeroCrossControlDisabled 0000000180010ab0 f   HSG_sfun_registry.obj
 0001:0000fb20       ssSetIsInputPortUsedForContZcSignal 0000000180010b20 f   HSG_sfun_registry.obj
 0001:0000fb90       ssSetZcSignalIsZcElementDisc 0000000180010b90 f   HSG_sfun_registry.obj
 0001:0000fc40       ssSetZcSignalName          0000000180010c40 f   HSG_sfun_registry.obj
 0001:0000fcb0       ssSetZcSignalWidth         0000000180010cb0 f   HSG_sfun_registry.obj
 0001:0000fd20       ssSetZcSignalZcEventType   0000000180010d20 f   HSG_sfun_registry.obj
 0001:0000fd90       ssSetZcSignalType          0000000180010d90 f   HSG_sfun_registry.obj
 0001:0000fe00       ssSetZcSignalZcTol         0000000180010e00 f   HSG_sfun_registry.obj
 0001:0000fe70       ssSetZcSignalNeedsEventNotification 0000000180010e70 f   HSG_sfun_registry.obj
 0001:0000fee0       ssCreateAndAddZcSignalInfo 0000000180010ee0 f   HSG_sfun_registry.obj
 0001:0000ff50       ssCloneAndAddZcSignalInfo  0000000180010f50 f   HSG_sfun_registry.obj
 0001:0000ffc0       ssGetNumZcSignals          0000000180010fc0 f   HSG_sfun_registry.obj
 0001:00010030       ssGetZcSignalVector        0000000180011030 f   HSG_sfun_registry.obj
 0001:000100a0       ssGetZcSignalName          00000001800110a0 f   HSG_sfun_registry.obj
 0001:00010110       ssGetZcSignalWidth         0000000180011110 f   HSG_sfun_registry.obj
 0001:00010180       ssGetZcSignalZcEventType   0000000180011180 f   HSG_sfun_registry.obj
 0001:000101f0       ssGetZcSignalZcEvents      00000001800111f0 f   HSG_sfun_registry.obj
 0001:00010260       ssGetZcSignalType          0000000180011260 f   HSG_sfun_registry.obj
 0001:000102d0       ssGetZcSignalZcTol         00000001800112d0 f   HSG_sfun_registry.obj
 0001:00010350       ssGetZcSignalNeedsEventNotification 0000000180011350 f   HSG_sfun_registry.obj
 0001:000103c0       ssGetZcSignalIsZcElementDisc 00000001800113c0 f   HSG_sfun_registry.obj
 0001:00010460       ssGetIsInputPortElementContinuous 0000000180011460 f   HSG_sfun_registry.obj
 0001:00010500       _ssSetIWorkValueFcn        0000000180011500 f   HSG_sfun_registry.obj
 0001:00010580       _ssGetIWorkValueFcn        0000000180011580 f   HSG_sfun_registry.obj
 0001:000105f0       _ssSetRWorkValueFcn        00000001800115f0 f   HSG_sfun_registry.obj
 0001:00010670       _ssGetRWorkValueFcn        0000000180011670 f   HSG_sfun_registry.obj
 0001:000106e0       _ssSetPWorkValueFcn        00000001800116e0 f   HSG_sfun_registry.obj
 0001:00010760       _ssGetPWorkValueFcn        0000000180011760 f   HSG_sfun_registry.obj
 0001:000107d0       ssGetDTypeIdFromMxArray    00000001800117d0 f   HSG_sfun_registry.obj
 0001:000108f0       ssWriteRTWStr              00000001800118f0 f   HSG_sfun_registry.obj
 0001:00010950       ssWriteRTWNameValuePair    0000000180011950 f   HSG_sfun_registry.obj
 0001:00010e50       ssWriteRTWParamSettings    0000000180011e50 f   HSG_sfun_registry.obj
 0001:00011540       ssWriteRTWParameters       0000000180012540 f   HSG_sfun_registry.obj
 0001:00011b00       ssWriteRTWWorkVect         0000000180012b00 f   HSG_sfun_registry.obj
 0001:00012060       ssWriteRTWMxVectParam      0000000180013060 f   HSG_sfun_registry.obj
 0001:000120e0       ssWriteRTWMx2dMatParam     00000001800130e0 f   HSG_sfun_registry.obj
 0001:00012170       _ssSetInputPortMatrixDimensions 0000000180013170 f   HSG_sfun_registry.obj
 0001:00012290       _ssSetOutputPortMatrixDimensions 0000000180013290 f   HSG_sfun_registry.obj
 0001:000123b0       _ssSetInputPortVectorDimension 00000001800133b0 f   HSG_sfun_registry.obj
 0001:00012460       _ssSetOutputPortVectorDimension 0000000180013460 f   HSG_sfun_registry.obj
 0001:00012510       ssIsRunTimeParamTunable    0000000180013510 f   HSG_sfun_registry.obj
 0001:00012580       ssGetSFuncBlockHandle      0000000180013580 f   HSG_sfun_registry.obj
 0001:000125f0       _ssGetCurrentInputPortWidth 00000001800135f0 f   HSG_sfun_registry.obj
 0001:00012710       _ssGetCurrentOutputPortWidth 0000000180013710 f   HSG_sfun_registry.obj
 0001:00012830       _ssGetCallSystemNumFcnCallDestinations 0000000180013830 f   HSG_sfun_registry.obj
 0001:000128a0       ssGetParameterTuningCompliance 00000001800138a0 f   HSG_sfun_registry.obj
 0001:00012910       ssWarning                  0000000180013910 f   HSG_sfun_registry.obj
 0001:00012a00       _ssGetAbsTol               0000000180013a00 f   HSG_sfun_registry.obj
 0001:00012a70       _ssSetStateAbsTol          0000000180013a70 f   HSG_sfun_registry.obj
 0001:00012b50       sf_process_check_sum_call  0000000180013b50 f   HSG_sfun_registry.obj
 0001:00012ba0       sf_process_autoinheritance_call 0000000180013ba0 f   HSG_sfun_registry.obj
 0001:00012dd0       sf_process_get_third_party_uses_info_call 0000000180013dd0 f   HSG_sfun_registry.obj
 0001:00013000       sf_process_get_jit_fallback_info_call 0000000180014000 f   HSG_sfun_registry.obj
 0001:00013230       sf_process_get_updateBuildInfo_args_info_call 0000000180014230 f   HSG_sfun_registry.obj
 0001:00013460       sf_process_get_eml_resolved_functions_info_call 0000000180014460 f   HSG_sfun_registry.obj
 0001:00013690       sf_mex_unlock_call         0000000180014690 f   HSG_sfun_registry.obj
 0001:00013930       sf_machine_global_initializer_called 0000000180014930 f   HSG_sfun_registry.obj
 0001:00013960       sf_machine_global_method_dispatcher 0000000180014960 f   HSG_sfun_registry.obj
 0001:000139c0       sf_machine_global_terminator 00000001800149c0 f   HSG_sfun_registry.obj
 0001:00013a10       sf_register_machine_exported_symbols 0000000180014a10 f   HSG_sfun_registry.obj
 0001:00013a30       callCustomFcn              0000000180014a30 f   HSG_sfun_registry.obj
 0001:00013a40       sf_machine_global_initializer 0000000180014a40 f   HSG_sfun_registry.obj
 0001:00013ac0       mdlGetSimState             0000000180014ac0 f   HSG_sfun_registry.obj
 0001:00013b00       mdlSetSimState             0000000180014b00 f   HSG_sfun_registry.obj
 0001:00014370       ProcessMexSfunctionEveryCall 0000000180015370 f   HSG_sfun_registry.obj
 0001:000153d0       __local_stdio_printf_options 00000001800163d0 f i HSG_sfun_registry.obj
 0001:000153e0       _vsnprintf_l               00000001800163e0 f i HSG_sfun_registry.obj
 0001:00015460       _vsprintf_l                0000000180016460 f i HSG_sfun_registry.obj
 0001:000154b0       sprintf                    00000001800164b0 f i HSG_sfun_registry.obj
 0001:00015500       mexfilerequiredapiversion  0000000180016500 f   c_mexapi_version.obj
 0001:00015522       ippfilter_real64           0000000180016522 f   libmwippfilter:libmwippfilter.dll
 0001:00015528       rgb2gray_tbb_uint8         0000000180016528 f   libmwrgb2gray_tbb:libmwrgb2gray_tbb.dll
 0001:0001552e       imfilter_real64            000000018001652e f   libmwimfilter:libmwimfilter.dll
 0001:00015534       sf_load_rtw_optimization_info 0000000180016534 f   sf_runtime:sf_runtime.dll
 0001:0001553a       sf_debug_initialize_machine 000000018001653a f   sf_runtime:sf_runtime.dll
 0001:00015540       sf_debug_set_machine_event_thresholds 0000000180016540 f   sf_runtime:sf_runtime.dll
 0001:00015546       sf_debug_set_machine_data_thresholds 0000000180016546 f   sf_runtime:sf_runtime.dll
 0001:0001554c       sf_init_ChartRunTimeInfo   000000018001654c f   sf_runtime:sf_runtime.dll
 0001:00015552       sf_free_ChartRunTimeInfo   0000000180016552 f   sf_runtime:sf_runtime.dll
 0001:00015558       sfrtGetEmlrtCtx            0000000180016558 f   sf_runtime:sf_runtime.dll
 0001:0001555e       sf_get_chart_instance_ptr  000000018001655e f   sf_runtime:sf_runtime.dll
 0001:00015564       sf_rtw_info_uint_prop      0000000180016564 f   sf_runtime:sf_runtime.dll
 0001:0001556a       sf_update_buildInfo        000000018001656a f   sf_runtime:sf_runtime.dll
 0001:00015570       sf_is_chart_inlinable      0000000180016570 f   sf_runtime:sf_runtime.dll
 0001:00015576       sf_mark_chart_reusable_outputs 0000000180016576 f   sf_runtime:sf_runtime.dll
 0001:0001557c       sf_mark_chart_expressionable_inputs 000000018001657c f   sf_runtime:sf_runtime.dll
 0001:00015582       sim_mode_is_rtw_gen        0000000180016582 f   sf_runtime:sf_runtime.dll
 0001:00015588       sim_mode_is_external       0000000180016588 f   sf_runtime:sf_runtime.dll
 0001:0001558e       sim_mode_is_modelref_sim   000000018001658e f   sf_runtime:sf_runtime.dll
 0001:00015594       sf_mex_listen_for_ctrl_c_with_debugger 0000000180016594 f   sf_runtime:sf_runtime.dll
 0001:0001559a       sf_clear_rtw_identifier    000000018001659a f   sf_runtime:sf_runtime.dll
 0001:000155a0       sf_set_rtw_dwork_info      00000001800165a0 f   sf_runtime:sf_runtime.dll
 0001:000155a6       sf_get_time                00000001800165a6 f   sf_runtime:sf_runtime.dll
 0001:000155ac       sf_is_first_init_cond      00000001800165ac f   sf_runtime:sf_runtime.dll
 0001:000155b2       sf_set_chart_accesses_machine_info 00000001800165b2 f   sf_runtime:sf_runtime.dll
 0001:000155b8       sf_register_codegen_names_for_scoped_functions_defined_by_chart 00000001800165b8 f   sf_runtime:sf_runtime.dll
 0001:000155be       ssSetBlockIsPurelyCombinatorial_wrapper 00000001800165be f   sf_runtime:sf_runtime.dll
 0001:000155c4       sf_mex_call_debug          00000001800165c4 f   sf_runtime:sf_runtime.dll
 0001:000155ca       sf_mex_error_message       00000001800165ca f   sf_runtime:sf_runtime.dll
 0001:000155d0       sf_mex_create              00000001800165d0 f   sf_runtime:sf_runtime.dll
 0001:000155d6       sf_mex_createcellmatrix    00000001800165d6 f   sf_runtime:sf_runtime.dll
 0001:000155dc       sf_mex_setcell             00000001800165dc f   sf_runtime:sf_runtime.dll
 0001:000155e2       sf_mex_getcell             00000001800165e2 f   sf_runtime:sf_runtime.dll
 0001:000155e8       sf_mex_assign              00000001800165e8 f   sf_runtime:sf_runtime.dll
 0001:000155ee       sf_mex_dup                 00000001800165ee f   sf_runtime:sf_runtime.dll
 0001:000155f4       sf_mex_destroy             00000001800165f4 f   sf_runtime:sf_runtime.dll
 0001:000155fa       sf_mex_import              00000001800165fa f   sf_runtime:sf_runtime.dll
 0001:00015600       sf_mex_decode_encoded_mx_struct_array 0000000180016600 f   sf_runtime:sf_runtime.dll
 0001:00015606       ssGetInputPortSignal_wrapper 0000000180016606 f   sf_runtime:sf_runtime.dll
 0001:0001560c       ssGetOutputPortSignal_wrapper 000000018001660c f   sf_runtime:sf_runtime.dll
 0001:00015612       sf_debug_initialize_chart  0000000180016612 f   sf_runtime:sf_runtime.dll
 0001:00015618       sf_debug_call              0000000180016618 f   sf_runtime:sf_runtime.dll
 0001:0001561e       eml_debug_line_call        000000018001661e f   sf_runtime:sf_runtime.dll
 0001:00015624       cv_eml_eval                0000000180016624 f   sf_runtime:sf_runtime.dll
 0001:0001562a       cv_eval_relational         000000018001662a f   sf_runtime:sf_runtime.dll
 0001:00015630       cv_eml_init_script         0000000180016630 f   sf_runtime:sf_runtime.dll
 0001:00015636       cv_eml_init_fcn            0000000180016636 f   sf_runtime:sf_runtime.dll
 0001:0001563c       cv_eml_init_saturation     000000018001663c f   sf_runtime:sf_runtime.dll
 0001:00015642       cv_eml_init_if             0000000180016642 f   sf_runtime:sf_runtime.dll
 0001:00015648       cv_eml_init_for            0000000180016648 f   sf_runtime:sf_runtime.dll
 0001:0001564e       cv_eml_init_relational     000000018001664e f   sf_runtime:sf_runtime.dll
 0001:00015654       sf_debug_reset_current_state_configuration 0000000180016654 f   sf_runtime:sf_runtime.dll
 0001:0001565a       sf_debug_check_for_state_inconsistency 000000018001665a f   sf_runtime:sf_runtime.dll
 0001:00015660       sf_debug_set_chart_data_props 0000000180016660 f   sf_runtime:sf_runtime.dll
 0001:00015666       sf_debug_set_chart_data_compiled_props 0000000180016666 f   sf_runtime:sf_runtime.dll
 0001:0001566c       sf_debug_symbol_scope_push 000000018001666c f   sf_runtime:sf_runtime.dll
 0001:00015672       sf_debug_symbol_scope_push_eml 0000000180016672 f   sf_runtime:sf_runtime.dll
 0001:00015678       sf_debug_symbol_scope_pop  0000000180016678 f   sf_runtime:sf_runtime.dll
 0001:0001567e       sf_debug_symbol_scope_add_eml 000000018001667e f   sf_runtime:sf_runtime.dll
 0001:00015684       sf_debug_symbol_scope_add_eml_importable 0000000180016684 f   sf_runtime:sf_runtime.dll
 0001:0001568a       sf_debug_set_instance_data_value_ptr 000000018001668a f   sf_runtime:sf_runtime.dll
 0001:00015690       sf_debug_set_chart_disable_implicit_casting 0000000180016690 f   sf_runtime:sf_runtime.dll
 0001:00015696       sf_debug_set_chart_event_thresholds 0000000180016696 f   sf_runtime:sf_runtime.dll
 0001:0001569c       sf_debug_set_chart_state_info 000000018001669c f   sf_runtime:sf_runtime.dll
 0001:000156a2       sf_debug_set_chart_decomposition 00000001800166a2 f   sf_runtime:sf_runtime.dll
 0001:000156a8       sf_debug_set_chart_substate_count 00000001800166a8 f   sf_runtime:sf_runtime.dll
 0001:000156ae       sf_debug_data_range_wrapper 00000001800166ae f   sf_runtime:sf_runtime.dll
 0001:000156b4       cv_eval_saturation         00000001800166b4 f   sf_runtime:sf_runtime.dll
 0001:000156ba       sf_debug_cv_init_trans     00000001800166ba f   sf_runtime:sf_runtime.dll
 0001:000156c0       sf_debug_cv_init_chart     00000001800166c0 f   sf_runtime:sf_runtime.dll
 0001:000156c6       sf_debug_cv_init_state     00000001800166c6 f   sf_runtime:sf_runtime.dll
 0001:000156cc       sf_debug_overflow_detection 00000001800166cc f   sf_runtime:sf_runtime.dll
 0001:000156d2       sf_get_ChartInfoStruct_CodeGen 00000001800166d2 f   sf_runtime:sf_runtime.dll
 0001:000156d8       sf_get_hasSeparateUpdateOutputs 00000001800166d8 f   sf_runtime:sf_runtime.dll
 0001:000156de       callMdlMethodAndReportError 00000001800166de f   sf_runtime:sf_runtime.dll
 0001:000156e4       call_sf_machine_global_method_dispatcher 00000001800166e4 f   sf_runtime:sf_runtime.dll
 0001:000156ea       getRuntimeInstanceInfoAsVoid 00000001800166ea f   sf_runtime:sf_runtime.dll
 0001:000156f0       sf_mex_error_direct_call   00000001800166f0 f   sf_runtime:sf_runtime.dll
 0001:000156f6       sf_clear_error_manager_info 00000001800166f6 f   sf_runtime:sf_runtime.dll
 0001:000156fc       sf_debug_create_debug_instance_struct 00000001800166fc f   sf_runtime:sf_runtime.dll
 0001:00015702       sf_debug_terminate         0000000180016702 f   sf_runtime:sf_runtime.dll
 0001:00015708       sf_debug_api               0000000180016708 f   sf_runtime:sf_runtime.dll
 0001:0001570e       mxIsChar                   000000018001670e f   libmx:libmx.dll
 0001:00015714       mxGetPr                    0000000180016714 f   libmx:libmx.dll
 0001:0001571a       mxGetScalar                000000018001671a f   libmx:libmx.dll
 0001:00015720       mxDestroyArray             0000000180016720 f   libmx:libmx.dll
 0001:00015726       mxCreateDoubleMatrix_730   0000000180016726 f   libmx:libmx.dll
 0001:0001572c       mxGetString_730            000000018001672c f   libmx:libmx.dll
 0001:00015732       mxDuplicateArray           0000000180016732 f   libmx:libmx.dll
 0001:00015738       mxSetCell_730              0000000180016738 f   libmx:libmx.dll
 0001:0001573e       mxSetField_730             000000018001673e f   libmx:libmx.dll
 0001:00015744       mxCreateDoubleScalar       0000000180016744 f   libmx:libmx.dll
 0001:0001574a       mxCreateString             000000018001674a f   libmx:libmx.dll
 0001:00015750       mxCreateCellMatrix_730     0000000180016750 f   libmx:libmx.dll
 0001:00015756       mxCreateCellArray_730      0000000180016756 f   libmx:libmx.dll
 0001:0001575c       mxCreateStructMatrix_730   000000018001675c f   libmx:libmx.dll
 0001:00015762       mxCreateStructArray_730    0000000180016762 f   libmx:libmx.dll
 0001:00015768       mxCalloc                   0000000180016768 f   libmx:libmx.dll
 0001:0001576e       mxGetM                     000000018001676e f   libmx:libmx.dll
 0001:00015774       mxGetClassID               0000000180016774 f   libmx:libmx.dll
 0001:0001577a       mxIsNumeric                000000018001677a f   libmx:libmx.dll
 0001:00015780       mxIsComplex                0000000180016780 f   libmx:libmx.dll
 0001:00015786       mxGetN                     0000000180016786 f   libmx:libmx.dll
 0001:0001578c       mexMakeArrayPersistent     000000018001678c f   libmex:libmex.dll
 0001:00015792       mexErrMsgTxt               0000000180016792 f   libmex:libmex.dll
 0001:00015798       mexWarnMsgTxt              0000000180016798 f   libmex:libmex.dll
 0001:0001579e       mexCallMATLABWithObject    000000018001679e f   libmex:libmex.dll
 0001:000157a4       mexLock                    00000001800167a4 f   libmex:libmex.dll
 0001:000157aa       mexUnlock                  00000001800167aa f   libmex:libmex.dll
 0001:000157b0       mexIsLocked                00000001800167b0 f   libmex:libmex.dll
 0001:000157b6       utMalloc                   00000001800167b6 f   libut:libut.dll
 0001:000157bc       utFree                     00000001800167bc f   libut:libut.dll
 0001:000157c2       muDoubleScalarCeil         00000001800167c2 f   libmwmathutil:libmwmathutil.dll
 0001:000157c8       muDoubleScalarFloor        00000001800167c8 f   libmwmathutil:libmwmathutil.dll
 0001:000157ce       muDoubleScalarRound        00000001800167ce f   libmwmathutil:libmwmathutil.dll
 0001:000157d4       muDoubleScalarAtan2        00000001800167d4 f   libmwmathutil:libmwmathutil.dll
 0001:000157da       muDoubleScalarPower        00000001800167da f   libmwmathutil:libmwmathutil.dll
 0001:000157e0       muDoubleScalarSqrt         00000001800167e0 f   libmwmathutil:libmwmathutil.dll
 0001:000157e6       emlrtLicenseCheckR2012b    00000001800167e6 f   libemlrt:libemlrt.dll
 0001:000157ec       __raise_securityfailure    00000001800167ec f   MSVCRT:gs_report.obj
 0001:00015820       __report_gsfailure         0000000180016820 f   MSVCRT:gs_report.obj
 0001:000158f4       __report_rangecheckfailure 00000001800168f4 f   MSVCRT:gs_report.obj
 0001:00015908       __report_securityfailure   0000000180016908 f   MSVCRT:gs_report.obj
 0001:000159a4       __report_securityfailureEx 00000001800169a4 f   MSVCRT:gs_report.obj
 0001:00015b98       __GSHandlerCheck           0000000180016b98 f   MSVCRT:_gshandler_.obj
 0001:00015bb8       __GSHandlerCheckCommon     0000000180016bb8 f   MSVCRT:_gshandler_.obj
 0001:00015c30       __security_check_cookie    0000000180016c30 f   MSVCRT:_amdsecgs_.obj
 0001:00015c70       _alloca_probe              0000000180016c70 f   MSVCRT:_chkstk_.obj
 0001:00015c70       __chkstk                   0000000180016c70 f   MSVCRT:_chkstk_.obj
 0001:00016020       _CRT_INIT                  0000000180017020 f   MSVCRT:dll_dllmain.obj
 0001:00016028       _DllMainCRTStartup         0000000180017028 f   MSVCRT:dll_dllmain.obj
 0001:00016068       ??$__crt_fast_decode_pointer@PEAP6AXXZ@@YAPEAP6AXXZQEAP6AXXZ@Z 0000000180017068 f i MSVCRT:utility.obj
 0001:00016080       ??$__crt_fast_encode_pointer@PEAP6AXXZ@@YAPEAP6AXXZQEAP6AXXZ@Z 0000000180017080 f i MSVCRT:utility.obj
 0001:000160a0       ?__crt_rotate_pointer_value@@YA_K_KH@Z 00000001800170a0 f i MSVCRT:utility.obj
 0001:00016128       NtCurrentTeb               0000000180017128 f i MSVCRT:utility.obj
 0001:00016134       __scrt_acquire_startup_lock 0000000180017134 f   MSVCRT:utility.obj
 0001:00016170       __scrt_dllmain_after_initialize_c 0000000180017170 f   MSVCRT:utility.obj
 0001:00016190       __scrt_dllmain_before_initialize_c 0000000180017190 f   MSVCRT:utility.obj
 0001:000161a8       __scrt_dllmain_crt_thread_attach 00000001800171a8 f   MSVCRT:utility.obj
 0001:000161d0       __scrt_dllmain_crt_thread_detach 00000001800171d0 f   MSVCRT:utility.obj
 0001:000161e8       __scrt_dllmain_exception_filter 00000001800171e8 f   MSVCRT:utility.obj
 0001:0001624c       __scrt_dllmain_uninitialize_c 000000018001724c f   MSVCRT:utility.obj
 0001:0001627c       __scrt_dllmain_uninitialize_critical 000000018001727c f   MSVCRT:utility.obj
 0001:00016290       __scrt_initialize_crt      0000000180017290 f   MSVCRT:utility.obj
 0001:000162dc       __scrt_initialize_onexit_tables 00000001800172dc f   MSVCRT:utility.obj
 0001:000163a8       __scrt_is_nonwritable_in_current_image 00000001800173a8 f   MSVCRT:utility.obj
 0001:00016444       __scrt_release_startup_lock 0000000180017444 f   MSVCRT:utility.obj
 0001:00016468       __scrt_uninitialize_crt    0000000180017468 f   MSVCRT:utility.obj
 0001:00016494       _onexit                    0000000180017494 f   MSVCRT:utility.obj
 0001:000164e4       at_quick_exit              00000001800174e4 f   MSVCRT:utility.obj
 0001:0001651c       atexit                     000000018001751c f   MSVCRT:utility.obj
 0001:00016534       __security_init_cookie     0000000180017534 f   MSVCRT:gs_support.obj
 0001:000165e0       DllMain                    00000001800175e0 f   MSVCRT:dll_dllmain_stub.obj
 0001:00016604       ?__scrt_initialize_type_info@@YAXXZ 0000000180017604 f   MSVCRT:tncleanup.obj
 0001:00016614       ?__scrt_uninitialize_type_info@@YAXXZ 0000000180017614 f   MSVCRT:tncleanup.obj
 0001:00016620       __local_stdio_scanf_options 0000000180017620 f i MSVCRT:default_local_stdio_options.obj
 0001:00016628       __scrt_initialize_default_local_stdio_options 0000000180017628 f   MSVCRT:default_local_stdio_options.obj
 0001:00016644       __scrt_get_dyn_tls_init_callback 0000000180017644 f   MSVCRT:dyn_tls_init.obj
 0001:0001664c       __crt_debugger_hook        000000018001764c f   MSVCRT:utility_desktop.obj
 0001:00016654       __scrt_fastfail            0000000180017654 f   MSVCRT:utility_desktop.obj
 0001:0001679c       __scrt_get_show_window_mode 000000018001779c f   MSVCRT:utility_desktop.obj
 0001:000167dc       __scrt_initialize_winrt    00000001800177dc f   MSVCRT:utility_desktop.obj
 0001:000167e0       __scrt_is_managed_app      00000001800177e0 f   MSVCRT:utility_desktop.obj
 0001:00016834       __scrt_set_unhandled_exception_filter 0000000180017834 f   MSVCRT:utility_desktop.obj
 0001:00016844       __scrt_unhandled_exception_filter 0000000180017844 f   MSVCRT:utility_desktop.obj
 0001:0001687c       _RTC_Initialize            000000018001787c f   MSVCRT:_initsect_.obj
 0001:000168c8       _RTC_Terminate             00000001800178c8 f   MSVCRT:_initsect_.obj
 0001:00016914       _guard_check_icall         0000000180017914 f i MSVCRT:checkcfg.obj
 0001:0001691c       __isa_available_init       000000018001791c f   MSVCRT:_cpu_disp_.obj
 0001:00016ae0       __scrt_is_ucrt_dll_in_use  0000000180017ae0 f   MSVCRT:ucrt_detection.obj
 0001:00016aec       _guard_check_icall_nop     0000000180017aec f i MSVCRT:guard_support.obj
 0001:00016af0       _guard_icall_checks_enforced 0000000180017af0 f i MSVCRT:guard_support.obj
 0001:00016b10       RtlCaptureContext          0000000180017b10 f   kernel32:KERNEL32.dll
 0001:00016b16       RtlLookupFunctionEntry     0000000180017b16 f   kernel32:KERNEL32.dll
 0001:00016b1c       RtlVirtualUnwind           0000000180017b1c f   kernel32:KERNEL32.dll
 0001:00016b22       UnhandledExceptionFilter   0000000180017b22 f   kernel32:KERNEL32.dll
 0001:00016b28       SetUnhandledExceptionFilter 0000000180017b28 f   kernel32:KERNEL32.dll
 0001:00016b2e       GetCurrentProcess          0000000180017b2e f   kernel32:KERNEL32.dll
 0001:00016b34       TerminateProcess           0000000180017b34 f   kernel32:KERNEL32.dll
 0001:00016b3a       IsProcessorFeaturePresent  0000000180017b3a f   kernel32:KERNEL32.dll
 0001:00016b40       QueryPerformanceCounter    0000000180017b40 f   kernel32:KERNEL32.dll
 0001:00016b46       GetCurrentProcessId        0000000180017b46 f   kernel32:KERNEL32.dll
 0001:00016b4c       GetCurrentThreadId         0000000180017b4c f   kernel32:KERNEL32.dll
 0001:00016b52       GetSystemTimeAsFileTime    0000000180017b52 f   kernel32:KERNEL32.dll
 0001:00016b58       DisableThreadLibraryCalls  0000000180017b58 f   kernel32:KERNEL32.dll
 0001:00016b5e       InitializeSListHead        0000000180017b5e f   kernel32:KERNEL32.dll
 0001:00016b64       IsDebuggerPresent          0000000180017b64 f   kernel32:KERNEL32.dll
 0001:00016b6a       GetStartupInfoW            0000000180017b6a f   kernel32:KERNEL32.dll
 0001:00016b70       GetModuleHandleW           0000000180017b70 f   kernel32:KERNEL32.dll
 0001:00016b76       memset                     0000000180017b76 f   vcruntime:VCRUNTIME140.dll
 0001:00016b7c       memcpy                     0000000180017b7c f   vcruntime:VCRUNTIME140.dll
 0001:00016b82       __telemetry_main_invoke_trigger 0000000180017b82 f   vcruntime:VCRUNTIME140.dll
 0001:00016b88       __telemetry_main_return_trigger 0000000180017b88 f   vcruntime:VCRUNTIME140.dll
 0001:00016b8e       __C_specific_handler       0000000180017b8e f   vcruntime:VCRUNTIME140.dll
 0001:00016b94       __std_type_info_destroy_list 0000000180017b94 f   vcruntime:VCRUNTIME140.dll
 0001:00016b9a       strcmp                     0000000180017b9a f   ucrt:api-ms-win-crt-string-l1-1-0.dll
 0001:00016ba0       __stdio_common_vsprintf    0000000180017ba0 f   ucrt:api-ms-win-crt-stdio-l1-1-0.dll
 0001:00016ba6       free                       0000000180017ba6 f   ucrt:api-ms-win-crt-heap-l1-1-0.dll
 0001:00016bac       malloc                     0000000180017bac f   ucrt:api-ms-win-crt-heap-l1-1-0.dll
 0001:00016bb2       strlen                     0000000180017bb2 f   ucrt:api-ms-win-crt-string-l1-1-0.dll
 0001:00016bb8       _initterm                  0000000180017bb8 f   ucrt:api-ms-win-crt-runtime-l1-1-0.dll
 0001:00016bbe       _initterm_e                0000000180017bbe f   ucrt:api-ms-win-crt-runtime-l1-1-0.dll
 0001:00016bc4       _seh_filter_dll            0000000180017bc4 f   ucrt:api-ms-win-crt-runtime-l1-1-0.dll
 0001:00016bca       _initialize_narrow_environment 0000000180017bca f   ucrt:api-ms-win-crt-runtime-l1-1-0.dll
 0001:00016bd0       _initialize_onexit_table   0000000180017bd0 f   ucrt:api-ms-win-crt-runtime-l1-1-0.dll
 0001:00016bd6       _register_onexit_function  0000000180017bd6 f   ucrt:api-ms-win-crt-runtime-l1-1-0.dll
 0001:00016bdc       _execute_onexit_table      0000000180017bdc f   ucrt:api-ms-win-crt-runtime-l1-1-0.dll
 0001:00016be2       _crt_atexit                0000000180017be2 f   ucrt:api-ms-win-crt-runtime-l1-1-0.dll
 0001:00016be8       _crt_at_quick_exit         0000000180017be8 f   ucrt:api-ms-win-crt-runtime-l1-1-0.dll
 0001:00016bee       _cexit                     0000000180017bee f   ucrt:api-ms-win-crt-runtime-l1-1-0.dll
 0001:00016bf4       terminate                  0000000180017bf4 f   ucrt:api-ms-win-crt-runtime-l1-1-0.dll
 0001:00016bfc       __acrt_initialize          0000000180017bfc f   MSVCRT:ucrt_stubs.obj
 0001:00016bfc       __scrt_stub_for_acrt_initialize 0000000180017bfc f   MSVCRT:ucrt_stubs.obj
 0001:00016bfc       __vcrt_initialize          0000000180017bfc f   MSVCRT:ucrt_stubs.obj
 0001:00016c00       __vcrt_thread_attach       0000000180017c00 f   MSVCRT:ucrt_stubs.obj
 0001:00016c00       __scrt_stub_for_acrt_thread_attach 0000000180017c00 f   MSVCRT:ucrt_stubs.obj
 0001:00016c00       __acrt_thread_attach       0000000180017c00 f   MSVCRT:ucrt_stubs.obj
 0001:00016c04       __acrt_thread_detach       0000000180017c04 f   MSVCRT:ucrt_stubs.obj
 0001:00016c04       __vcrt_thread_detach       0000000180017c04 f   MSVCRT:ucrt_stubs.obj
 0001:00016c04       __scrt_stub_for_acrt_thread_detach 0000000180017c04 f   MSVCRT:ucrt_stubs.obj
 0001:00016c08       __scrt_stub_for_acrt_uninitialize 0000000180017c08 f   MSVCRT:ucrt_stubs.obj
 0001:00016c08       __vcrt_uninitialize        0000000180017c08 f   MSVCRT:ucrt_stubs.obj
 0001:00016c08       __acrt_uninitialize        0000000180017c08 f   MSVCRT:ucrt_stubs.obj
 0001:00016c0c       __acrt_uninitialize_critical 0000000180017c0c f   MSVCRT:ucrt_stubs.obj
 0001:00016c0c       __vcrt_uninitialize_critical 0000000180017c0c f   MSVCRT:ucrt_stubs.obj
 0001:00016c0c       __scrt_stub_for_acrt_uninitialize_critical 0000000180017c0c f   MSVCRT:ucrt_stubs.obj
 0001:00016c10       _is_c_termination_complete 0000000180017c10 f   MSVCRT:ucrt_stubs.obj
 0001:00016c10       __scrt_stub_for_is_c_termination_complete 0000000180017c10 f   MSVCRT:ucrt_stubs.obj
 0001:00016c30       _guard_dispatch_icall_nop  0000000180017c30 f   MSVCRT:_guard_dispatch_.obj
 0002:00000000       __imp_QueryPerformanceCounter 0000000180018000     kernel32:KERNEL32.dll
 0002:00000008       __imp_RtlCaptureContext    0000000180018008     kernel32:KERNEL32.dll
 0002:00000010       __imp_GetCurrentProcessId  0000000180018010     kernel32:KERNEL32.dll
 0002:00000018       __imp_RtlLookupFunctionEntry 0000000180018018     kernel32:KERNEL32.dll
 0002:00000020       __imp_RtlVirtualUnwind     0000000180018020     kernel32:KERNEL32.dll
 0002:00000028       __imp_UnhandledExceptionFilter 0000000180018028     kernel32:KERNEL32.dll
 0002:00000030       __imp_SetUnhandledExceptionFilter 0000000180018030     kernel32:KERNEL32.dll
 0002:00000038       __imp_GetCurrentThreadId   0000000180018038     kernel32:KERNEL32.dll
 0002:00000040       __imp_GetSystemTimeAsFileTime 0000000180018040     kernel32:KERNEL32.dll
 0002:00000048       __imp_DisableThreadLibraryCalls 0000000180018048     kernel32:KERNEL32.dll
 0002:00000050       __imp_InitializeSListHead  0000000180018050     kernel32:KERNEL32.dll
 0002:00000058       __imp_IsDebuggerPresent    0000000180018058     kernel32:KERNEL32.dll
 0002:00000060       __imp_GetStartupInfoW      0000000180018060     kernel32:KERNEL32.dll
 0002:00000068       __imp_GetModuleHandleW     0000000180018068     kernel32:KERNEL32.dll
 0002:00000070       __imp_TerminateProcess     0000000180018070     kernel32:KERNEL32.dll
 0002:00000078       __imp_GetCurrentProcess    0000000180018078     kernel32:KERNEL32.dll
 0002:00000080       __imp_IsProcessorFeaturePresent 0000000180018080     kernel32:KERNEL32.dll
 0002:00000088       \177KERNEL32_NULL_THUNK_DATA 0000000180018088     kernel32:KERNEL32.dll
 0002:00000090       __imp___C_specific_handler 0000000180018090     vcruntime:VCRUNTIME140.dll
 0002:00000098       __imp_memset               0000000180018098     vcruntime:VCRUNTIME140.dll
 0002:000000a0       __imp_memcpy               00000001800180a0     vcruntime:VCRUNTIME140.dll
 0002:000000a8       __imp___telemetry_main_invoke_trigger 00000001800180a8     vcruntime:VCRUNTIME140.dll
 0002:000000b0       __imp___telemetry_main_return_trigger 00000001800180b0     vcruntime:VCRUNTIME140.dll
 0002:000000b8       __imp___std_type_info_destroy_list 00000001800180b8     vcruntime:VCRUNTIME140.dll
 0002:000000c0       \177VCRUNTIME140_NULL_THUNK_DATA 00000001800180c0     vcruntime:VCRUNTIME140.dll
 0002:000000c8       __imp_malloc               00000001800180c8     ucrt:api-ms-win-crt-heap-l1-1-0.dll
 0002:000000d0       __imp_free                 00000001800180d0     ucrt:api-ms-win-crt-heap-l1-1-0.dll
 0002:000000d8       \177api-ms-win-crt-heap-l1-1-0_NULL_THUNK_DATA 00000001800180d8     ucrt:api-ms-win-crt-heap-l1-1-0.dll
 0002:000000e0       __imp__seh_filter_dll      00000001800180e0     ucrt:api-ms-win-crt-runtime-l1-1-0.dll
 0002:000000e8       __imp__initialize_narrow_environment 00000001800180e8     ucrt:api-ms-win-crt-runtime-l1-1-0.dll
 0002:000000f0       __imp__initialize_onexit_table 00000001800180f0     ucrt:api-ms-win-crt-runtime-l1-1-0.dll
 0002:000000f8       __imp__initterm_e          00000001800180f8     ucrt:api-ms-win-crt-runtime-l1-1-0.dll
 0002:00000100       __imp__execute_onexit_table 0000000180018100     ucrt:api-ms-win-crt-runtime-l1-1-0.dll
 0002:00000108       __imp__crt_atexit          0000000180018108     ucrt:api-ms-win-crt-runtime-l1-1-0.dll
 0002:00000110       __imp__crt_at_quick_exit   0000000180018110     ucrt:api-ms-win-crt-runtime-l1-1-0.dll
 0002:00000118       __imp__cexit               0000000180018118     ucrt:api-ms-win-crt-runtime-l1-1-0.dll
 0002:00000120       __imp_terminate            0000000180018120     ucrt:api-ms-win-crt-runtime-l1-1-0.dll
 0002:00000128       __imp__initterm            0000000180018128     ucrt:api-ms-win-crt-runtime-l1-1-0.dll
 0002:00000130       __imp__register_onexit_function 0000000180018130     ucrt:api-ms-win-crt-runtime-l1-1-0.dll
 0002:00000138       \177api-ms-win-crt-runtime-l1-1-0_NULL_THUNK_DATA 0000000180018138     ucrt:api-ms-win-crt-runtime-l1-1-0.dll
 0002:00000140       __imp___stdio_common_vsprintf 0000000180018140     ucrt:api-ms-win-crt-stdio-l1-1-0.dll
 0002:00000148       \177api-ms-win-crt-stdio-l1-1-0_NULL_THUNK_DATA 0000000180018148     ucrt:api-ms-win-crt-stdio-l1-1-0.dll
 0002:00000150       __imp_strlen               0000000180018150     ucrt:api-ms-win-crt-string-l1-1-0.dll
 0002:00000158       __imp_strcmp               0000000180018158     ucrt:api-ms-win-crt-string-l1-1-0.dll
 0002:00000160       \177api-ms-win-crt-string-l1-1-0_NULL_THUNK_DATA 0000000180018160     ucrt:api-ms-win-crt-string-l1-1-0.dll
 0002:00000168       __imp_emlrtLicenseCheckR2012b 0000000180018168     libemlrt:libemlrt.dll
 0002:00000170       \177libemlrt_NULL_THUNK_DATA 0000000180018170     libemlrt:libemlrt.dll
 0002:00000178       __imp_mexUnlock            0000000180018178     libmex:libmex.dll
 0002:00000180       __imp_mexErrMsgTxt         0000000180018180     libmex:libmex.dll
 0002:00000188       __imp_mexWarnMsgTxt        0000000180018188     libmex:libmex.dll
 0002:00000190       __imp_mexIsLocked          0000000180018190     libmex:libmex.dll
 0002:00000198       __imp_mexMakeArrayPersistent 0000000180018198     libmex:libmex.dll
 0002:000001a0       __imp_mexLock              00000001800181a0     libmex:libmex.dll
 0002:000001a8       __imp_mexCallMATLABWithObject 00000001800181a8     libmex:libmex.dll
 0002:000001b0       \177libmex_NULL_THUNK_DATA 00000001800181b0     libmex:libmex.dll
 0002:000001b8       __imp_imfilter_real64      00000001800181b8     libmwimfilter:libmwimfilter.dll
 0002:000001c0       \177libmwimfilter_NULL_THUNK_DATA 00000001800181c0     libmwimfilter:libmwimfilter.dll
 0002:000001c8       __imp_ippfilter_real64     00000001800181c8     libmwippfilter:libmwippfilter.dll
 0002:000001d0       \177libmwippfilter_NULL_THUNK_DATA 00000001800181d0     libmwippfilter:libmwippfilter.dll
 0002:000001d8       __imp_muDoubleScalarPower  00000001800181d8     libmwmathutil:libmwmathutil.dll
 0002:000001e0       __imp_muDoubleScalarFloor  00000001800181e0     libmwmathutil:libmwmathutil.dll
 0002:000001e8       __imp_muDoubleScalarRound  00000001800181e8     libmwmathutil:libmwmathutil.dll
 0002:000001f0       __imp_muDoubleScalarSqrt   00000001800181f0     libmwmathutil:libmwmathutil.dll
 0002:000001f8       __imp_muDoubleScalarCeil   00000001800181f8     libmwmathutil:libmwmathutil.dll
 0002:00000200       __imp_muDoubleScalarAtan2  0000000180018200     libmwmathutil:libmwmathutil.dll
 0002:00000208       \177libmwmathutil_NULL_THUNK_DATA 0000000180018208     libmwmathutil:libmwmathutil.dll
 0002:00000210       __imp_rgb2gray_tbb_uint8   0000000180018210     libmwrgb2gray_tbb:libmwrgb2gray_tbb.dll
 0002:00000218       \177libmwrgb2gray_tbb_NULL_THUNK_DATA 0000000180018218     libmwrgb2gray_tbb:libmwrgb2gray_tbb.dll
 0002:00000220       __imp_mxIsChar             0000000180018220     libmx:libmx.dll
 0002:00000228       __imp_mxGetString_730      0000000180018228     libmx:libmx.dll
 0002:00000230       __imp_mxCreateDoubleMatrix_730 0000000180018230     libmx:libmx.dll
 0002:00000238       __imp_mxDestroyArray       0000000180018238     libmx:libmx.dll
 0002:00000240       __imp_mxGetN               0000000180018240     libmx:libmx.dll
 0002:00000248       __imp_mxIsComplex          0000000180018248     libmx:libmx.dll
 0002:00000250       __imp_mxIsNumeric          0000000180018250     libmx:libmx.dll
 0002:00000258       __imp_mxGetClassID         0000000180018258     libmx:libmx.dll
 0002:00000260       __imp_mxGetM               0000000180018260     libmx:libmx.dll
 0002:00000268       __imp_mxCalloc             0000000180018268     libmx:libmx.dll
 0002:00000270       __imp_mxCreateStructArray_730 0000000180018270     libmx:libmx.dll
 0002:00000278       __imp_mxCreateStructMatrix_730 0000000180018278     libmx:libmx.dll
 0002:00000280       __imp_mxCreateCellArray_730 0000000180018280     libmx:libmx.dll
 0002:00000288       __imp_mxCreateCellMatrix_730 0000000180018288     libmx:libmx.dll
 0002:00000290       __imp_mxCreateString       0000000180018290     libmx:libmx.dll
 0002:00000298       __imp_mxCreateDoubleScalar 0000000180018298     libmx:libmx.dll
 0002:000002a0       __imp_mxSetField_730       00000001800182a0     libmx:libmx.dll
 0002:000002a8       __imp_mxSetCell_730        00000001800182a8     libmx:libmx.dll
 0002:000002b0       __imp_mxGetPr              00000001800182b0     libmx:libmx.dll
 0002:000002b8       __imp_mxGetScalar          00000001800182b8     libmx:libmx.dll
 0002:000002c0       __imp_mxDuplicateArray     00000001800182c0     libmx:libmx.dll
 0002:000002c8       \177libmx_NULL_THUNK_DATA  00000001800182c8     libmx:libmx.dll
 0002:000002d0       __imp_utFree               00000001800182d0     libut:libut.dll
 0002:000002d8       __imp_utMalloc             00000001800182d8     libut:libut.dll
 0002:000002e0       \177libut_NULL_THUNK_DATA  00000001800182e0     libut:libut.dll
 0002:000002e8       __imp_sf_debug_symbol_scope_push 00000001800182e8     sf_runtime:sf_runtime.dll
 0002:000002f0       __imp_sf_debug_api         00000001800182f0     sf_runtime:sf_runtime.dll
 0002:000002f8       __imp_sf_debug_terminate   00000001800182f8     sf_runtime:sf_runtime.dll
 0002:00000300       __imp_sf_debug_create_debug_instance_struct 0000000180018300     sf_runtime:sf_runtime.dll
 0002:00000308       __imp_sf_clear_error_manager_info 0000000180018308     sf_runtime:sf_runtime.dll
 0002:00000310       __imp_sf_mex_error_direct_call 0000000180018310     sf_runtime:sf_runtime.dll
 0002:00000318       __imp_getRuntimeInstanceInfoAsVoid 0000000180018318     sf_runtime:sf_runtime.dll
 0002:00000320       __imp_call_sf_machine_global_method_dispatcher 0000000180018320     sf_runtime:sf_runtime.dll
 0002:00000328       __imp_callMdlMethodAndReportError 0000000180018328     sf_runtime:sf_runtime.dll
 0002:00000330       __imp_sf_get_hasSeparateUpdateOutputs 0000000180018330     sf_runtime:sf_runtime.dll
 0002:00000338       __imp_sf_get_ChartInfoStruct_CodeGen 0000000180018338     sf_runtime:sf_runtime.dll
 0002:00000340       __imp_sf_debug_overflow_detection 0000000180018340     sf_runtime:sf_runtime.dll
 0002:00000348       __imp_sf_debug_cv_init_state 0000000180018348     sf_runtime:sf_runtime.dll
 0002:00000350       __imp_sf_debug_cv_init_chart 0000000180018350     sf_runtime:sf_runtime.dll
 0002:00000358       __imp_sf_debug_set_chart_data_compiled_props 0000000180018358     sf_runtime:sf_runtime.dll
 0002:00000360       __imp_sf_debug_set_chart_data_props 0000000180018360     sf_runtime:sf_runtime.dll
 0002:00000368       __imp_sf_debug_check_for_state_inconsistency 0000000180018368     sf_runtime:sf_runtime.dll
 0002:00000370       __imp_sf_debug_reset_current_state_configuration 0000000180018370     sf_runtime:sf_runtime.dll
 0002:00000378       __imp_cv_eml_init_relational 0000000180018378     sf_runtime:sf_runtime.dll
 0002:00000380       __imp_cv_eml_init_for      0000000180018380     sf_runtime:sf_runtime.dll
 0002:00000388       __imp_cv_eml_init_if       0000000180018388     sf_runtime:sf_runtime.dll
 0002:00000390       __imp_cv_eml_init_saturation 0000000180018390     sf_runtime:sf_runtime.dll
 0002:00000398       __imp_sf_debug_cv_init_trans 0000000180018398     sf_runtime:sf_runtime.dll
 0002:000003a0       __imp_cv_eval_saturation   00000001800183a0     sf_runtime:sf_runtime.dll
 0002:000003a8       __imp_sf_debug_data_range_wrapper 00000001800183a8     sf_runtime:sf_runtime.dll
 0002:000003b0       __imp_sf_debug_set_chart_substate_count 00000001800183b0     sf_runtime:sf_runtime.dll
 0002:000003b8       __imp_sf_debug_set_chart_decomposition 00000001800183b8     sf_runtime:sf_runtime.dll
 0002:000003c0       __imp_sf_debug_set_chart_state_info 00000001800183c0     sf_runtime:sf_runtime.dll
 0002:000003c8       __imp_sf_debug_set_chart_event_thresholds 00000001800183c8     sf_runtime:sf_runtime.dll
 0002:000003d0       __imp_sf_debug_set_chart_disable_implicit_casting 00000001800183d0     sf_runtime:sf_runtime.dll
 0002:000003d8       __imp_sf_debug_set_instance_data_value_ptr 00000001800183d8     sf_runtime:sf_runtime.dll
 0002:000003e0       __imp_sf_debug_symbol_scope_add_eml_importable 00000001800183e0     sf_runtime:sf_runtime.dll
 0002:000003e8       __imp_cv_eml_init_fcn      00000001800183e8     sf_runtime:sf_runtime.dll
 0002:000003f0       __imp_cv_eml_init_script   00000001800183f0     sf_runtime:sf_runtime.dll
 0002:000003f8       __imp_cv_eval_relational   00000001800183f8     sf_runtime:sf_runtime.dll
 0002:00000400       __imp_cv_eml_eval          0000000180018400     sf_runtime:sf_runtime.dll
 0002:00000408       __imp_eml_debug_line_call  0000000180018408     sf_runtime:sf_runtime.dll
 0002:00000410       __imp_sf_debug_call        0000000180018410     sf_runtime:sf_runtime.dll
 0002:00000418       __imp_sf_debug_initialize_chart 0000000180018418     sf_runtime:sf_runtime.dll
 0002:00000420       __imp_ssGetOutputPortSignal_wrapper 0000000180018420     sf_runtime:sf_runtime.dll
 0002:00000428       __imp_ssGetInputPortSignal_wrapper 0000000180018428     sf_runtime:sf_runtime.dll
 0002:00000430       __imp_sf_mex_decode_encoded_mx_struct_array 0000000180018430     sf_runtime:sf_runtime.dll
 0002:00000438       __imp_sf_mex_import        0000000180018438     sf_runtime:sf_runtime.dll
 0002:00000440       __imp_sf_mex_destroy       0000000180018440     sf_runtime:sf_runtime.dll
 0002:00000448       __imp_sf_mex_dup           0000000180018448     sf_runtime:sf_runtime.dll
 0002:00000450       __imp_sf_mex_assign        0000000180018450     sf_runtime:sf_runtime.dll
 0002:00000458       __imp_sf_mex_getcell       0000000180018458     sf_runtime:sf_runtime.dll
 0002:00000460       __imp_sf_mex_setcell       0000000180018460     sf_runtime:sf_runtime.dll
 0002:00000468       __imp_sf_mex_createcellmatrix 0000000180018468     sf_runtime:sf_runtime.dll
 0002:00000470       __imp_sf_mex_create        0000000180018470     sf_runtime:sf_runtime.dll
 0002:00000478       __imp_sf_mex_error_message 0000000180018478     sf_runtime:sf_runtime.dll
 0002:00000480       __imp_sf_mex_call_debug    0000000180018480     sf_runtime:sf_runtime.dll
 0002:00000488       __imp_ssSetBlockIsPurelyCombinatorial_wrapper 0000000180018488     sf_runtime:sf_runtime.dll
 0002:00000490       __imp_sf_register_codegen_names_for_scoped_functions_defined_by_chart 0000000180018490     sf_runtime:sf_runtime.dll
 0002:00000498       __imp_sf_set_chart_accesses_machine_info 0000000180018498     sf_runtime:sf_runtime.dll
 0002:000004a0       __imp_sf_is_first_init_cond 00000001800184a0     sf_runtime:sf_runtime.dll
 0002:000004a8       __imp_sf_get_time          00000001800184a8     sf_runtime:sf_runtime.dll
 0002:000004b0       __imp_sf_set_rtw_dwork_info 00000001800184b0     sf_runtime:sf_runtime.dll
 0002:000004b8       __imp_sf_clear_rtw_identifier 00000001800184b8     sf_runtime:sf_runtime.dll
 0002:000004c0       __imp_sf_mex_listen_for_ctrl_c_with_debugger 00000001800184c0     sf_runtime:sf_runtime.dll
 0002:000004c8       __imp_sim_mode_is_modelref_sim 00000001800184c8     sf_runtime:sf_runtime.dll
 0002:000004d0       __imp_sim_mode_is_external 00000001800184d0     sf_runtime:sf_runtime.dll
 0002:000004d8       __imp_sim_mode_is_rtw_gen  00000001800184d8     sf_runtime:sf_runtime.dll
 0002:000004e0       __imp_sf_mark_chart_expressionable_inputs 00000001800184e0     sf_runtime:sf_runtime.dll
 0002:000004e8       __imp_sf_mark_chart_reusable_outputs 00000001800184e8     sf_runtime:sf_runtime.dll
 0002:000004f0       __imp_sf_is_chart_inlinable 00000001800184f0     sf_runtime:sf_runtime.dll
 0002:000004f8       __imp_sf_update_buildInfo  00000001800184f8     sf_runtime:sf_runtime.dll
 0002:00000500       __imp_sf_rtw_info_uint_prop 0000000180018500     sf_runtime:sf_runtime.dll
 0002:00000508       __imp_sf_get_chart_instance_ptr 0000000180018508     sf_runtime:sf_runtime.dll
 0002:00000510       __imp_sfrtGetEmlrtCtx      0000000180018510     sf_runtime:sf_runtime.dll
 0002:00000518       __imp_sf_free_ChartRunTimeInfo 0000000180018518     sf_runtime:sf_runtime.dll
 0002:00000520       __imp_sf_init_ChartRunTimeInfo 0000000180018520     sf_runtime:sf_runtime.dll
 0002:00000528       __imp_sf_debug_set_machine_data_thresholds 0000000180018528     sf_runtime:sf_runtime.dll
 0002:00000530       __imp_sf_debug_set_machine_event_thresholds 0000000180018530     sf_runtime:sf_runtime.dll
 0002:00000538       __imp_sf_debug_initialize_machine 0000000180018538     sf_runtime:sf_runtime.dll
 0002:00000540       __imp_sf_load_rtw_optimization_info 0000000180018540     sf_runtime:sf_runtime.dll
 0002:00000548       __imp_sf_debug_symbol_scope_add_eml 0000000180018548     sf_runtime:sf_runtime.dll
 0002:00000550       __imp_sf_debug_symbol_scope_pop 0000000180018550     sf_runtime:sf_runtime.dll
 0002:00000558       __imp_sf_debug_symbol_scope_push_eml 0000000180018558     sf_runtime:sf_runtime.dll
 0002:00000560       \177sf_runtime_NULL_THUNK_DATA 0000000180018560     sf_runtime:sf_runtime.dll
 0002:00000568       __guard_check_icall_fptr   0000000180018568     MSVCRT:guard_support.obj
 0002:00000570       __guard_dispatch_icall_fptr 0000000180018570     MSVCRT:guard_support.obj
 0002:00000578       __xc_a                     0000000180018578     MSVCRT:initializers.obj
 0002:00000580       __xc_z                     0000000180018580     MSVCRT:initializers.obj
 0002:00000588       __xi_a                     0000000180018588     MSVCRT:initializers.obj
 0002:00000590       __xi_z                     0000000180018590     MSVCRT:initializers.obj
 0002:00000598       __xp_a                     0000000180018598     MSVCRT:initializers.obj
 0002:000005a0       __xp_z                     00000001800185a0     MSVCRT:initializers.obj
 0002:000005a8       __xt_a                     00000001800185a8     MSVCRT:initializers.obj
 0002:000005b0       __xt_z                     00000001800185b0     MSVCRT:initializers.obj
 0002:000005c0       __real@41c181c5f4800000    00000001800185c0     HSG_sfun.obj
 0002:000005c8       __real@41c46d554a800000    00000001800185c8     HSG_sfun.obj
 0002:000005d0       __real@41c9a733b8000000    00000001800185d0     HSG_sfun.obj
 0002:000005d8       __real@41d3f1db46400000    00000001800185d8     HSG_sfun.obj
 0002:000005e0       __real@41e2432295000000    00000001800185e0     HSG_sfun.obj
 0002:000005e8       __real@41e4844675000000    00000001800185e8     HSG_sfun.obj
 0002:000005f0       __real@41e5c4524ee00000    00000001800185f0     HSG_sfun.obj
 0002:000005f8       __real@41e6777692800000    00000001800185f8     HSG_sfun.obj
 0002:00000600       __real@41e81e4eea400000    0000000180018600     HSG_sfun.obj
 0002:00000608       __real@41ecd4562dc00000    0000000180018608     HSG_sfun.obj
 0002:00000610       __real@41ed1f4265200000    0000000180018610     HSG_sfun.obj
 0002:00000618       __real@41ed99d188400000    0000000180018618     HSG_sfun.obj
 0002:000006b8       __real@0000000000000000    00000001800186b8     c1_HSG.obj
 0002:000006c0       __real@3ff0000000000000    00000001800186c0     c1_HSG.obj
 0002:000006c8       __real@4000000000000000    00000001800186c8     c1_HSG.obj
 0002:000006d0       __real@4008000000000000    00000001800186d0     c1_HSG.obj
 0002:000006d8       __real@400921fb54442d18    00000001800186d8     c1_HSG.obj
 0002:000006e0       __real@4010000000000000    00000001800186e0     c1_HSG.obj
 0002:000006e8       __real@4018000000000000    00000001800186e8     c1_HSG.obj
 0002:000006f0       __real@4020000000000000    00000001800186f0     c1_HSG.obj
 0002:000006f8       __real@402e000000000000    00000001800186f8     c1_HSG.obj
 0002:00000700       __real@4030000000000000    0000000180018700     c1_HSG.obj
 0002:00000708       __real@4040000000000000    0000000180018708     c1_HSG.obj
 0002:00000710       __real@4042000000000000    0000000180018710     c1_HSG.obj
 0002:00000718       __real@4050000000000000    0000000180018718     c1_HSG.obj
 0002:00000720       __real@4054000000000000    0000000180018720     c1_HSG.obj
 0002:00000728       __real@4060000000000000    0000000180018728     c1_HSG.obj
 0002:00000730       __real@406e000000000000    0000000180018730     c1_HSG.obj
 0002:00000738       __real@406e400000000000    0000000180018738     c1_HSG.obj
 0002:00000740       __real@406ec00000000000    0000000180018740     c1_HSG.obj
 0002:00000748       __real@4070000000000000    0000000180018748     c1_HSG.obj
 0002:00000750       __real@4074000000000000    0000000180018750     c1_HSG.obj
 0002:00000758       __real@40b0000000000000    0000000180018758     c1_HSG.obj
 0002:00000760       __real@40f0000000000000    0000000180018760     c1_HSG.obj
 0002:00000768       __real@40f2c00000000000    0000000180018768     c1_HSG.obj
 0002:00000770       __real@4130000000000000    0000000180018770     c1_HSG.obj
 0002:00000778       __real@4170000000000000    0000000180018778     c1_HSG.obj
 0002:00000780       __real@41b0000000000000    0000000180018780     c1_HSG.obj
 0002:00000788       __real@41cc0a4fc2000000    0000000180018788     c1_HSG.obj
 0002:00000790       __real@41cfe32a38800000    0000000180018790     c1_HSG.obj
 0002:00000798       __real@41d1225064800000    0000000180018798     c1_HSG.obj
 0002:000007a0       __real@41d51687c8c00000    00000001800187a0     c1_HSG.obj
 0002:000007a8       DYNAMIC_DIMENSION_DEF      00000001800187a8     HSG_sfun_registry.obj
 0002:000007c0       __real@41602cbca0000000    00000001800187c0     HSG_sfun_registry.obj
 0002:000007c8       __real@bff0000000000000    00000001800187c8     HSG_sfun_registry.obj
 0002:000007e0       _pRawDllMain               00000001800187e0     MSVCRT:dll_dllmain.obj
 0002:000007e0       _pDefaultRawDllMain        00000001800187e0     MSVCRT:dll_dllmain.obj
 0002:00000810       _load_config_used          0000000180018810     MSVCRT:loadcfg.obj
 0002:00000ad0       __rtc_iaa                  0000000180018ad0     MSVCRT:_initsect_.obj
 0002:00000ad8       __rtc_izz                  0000000180018ad8     MSVCRT:_initsect_.obj
 0002:00000ae0       __rtc_taa                  0000000180018ae0     MSVCRT:_initsect_.obj
 0002:00000ae8       __rtc_tzz                  0000000180018ae8     MSVCRT:_initsect_.obj
 0002:00001524       __IMPORT_DESCRIPTOR_libmwippfilter 0000000180019524     libmwippfilter:libmwippfilter.dll
 0002:00001538       __IMPORT_DESCRIPTOR_libmwrgb2gray_tbb 0000000180019538     libmwrgb2gray_tbb:libmwrgb2gray_tbb.dll
 0002:0000154c       __IMPORT_DESCRIPTOR_libmwimfilter 000000018001954c     libmwimfilter:libmwimfilter.dll
 0002:00001560       __IMPORT_DESCRIPTOR_sf_runtime 0000000180019560     sf_runtime:sf_runtime.dll
 0002:00001574       __IMPORT_DESCRIPTOR_libmx  0000000180019574     libmx:libmx.dll
 0002:00001588       __IMPORT_DESCRIPTOR_libmex 0000000180019588     libmex:libmex.dll
 0002:0000159c       __IMPORT_DESCRIPTOR_libut  000000018001959c     libut:libut.dll
 0002:000015b0       __IMPORT_DESCRIPTOR_libmwmathutil 00000001800195b0     libmwmathutil:libmwmathutil.dll
 0002:000015c4       __IMPORT_DESCRIPTOR_libemlrt 00000001800195c4     libemlrt:libemlrt.dll
 0002:000015d8       __IMPORT_DESCRIPTOR_KERNEL32 00000001800195d8     kernel32:KERNEL32.dll
 0002:000015ec       __IMPORT_DESCRIPTOR_VCRUNTIME140 00000001800195ec     vcruntime:VCRUNTIME140.dll
 0002:00001600       __IMPORT_DESCRIPTOR_api-ms-win-crt-string-l1-1-0 0000000180019600     ucrt:api-ms-win-crt-string-l1-1-0.dll
 0002:00001614       __IMPORT_DESCRIPTOR_api-ms-win-crt-stdio-l1-1-0 0000000180019614     ucrt:api-ms-win-crt-stdio-l1-1-0.dll
 0002:00001628       __IMPORT_DESCRIPTOR_api-ms-win-crt-heap-l1-1-0 0000000180019628     ucrt:api-ms-win-crt-heap-l1-1-0.dll
 0002:0000163c       __IMPORT_DESCRIPTOR_api-ms-win-crt-runtime-l1-1-0 000000018001963c     ucrt:api-ms-win-crt-runtime-l1-1-0.dll
 0002:00001650       __NULL_IMPORT_DESCRIPTOR   0000000180019650     libmwippfilter:libmwippfilter.dll
 0003:00001468       DYNAMIC_DIMENSION          000000018001c468     HSG_sfun_registry.obj
 0003:00002c00       __security_cookie          000000018001dc00     MSVCRT:gs_cookie.obj
 0003:00002c08       __security_cookie_complement 000000018001dc08     MSVCRT:gs_cookie.obj
 0003:00002c10       _fltused                   000000018001dc10     MSVCRT:dllsupp.obj
 0003:00002c20       __scrt_native_dllmain_reason 000000018001dc20     MSVCRT:utility.obj
 0003:00002c28       __isa_available            000000018001dc28     MSVCRT:_cpu_disp_.obj
 0003:00002c2c       __isa_enabled              000000018001dc2c     MSVCRT:_cpu_disp_.obj
 0003:00002c30       __memcpy_nt_iters          000000018001dc30     MSVCRT:_cpu_disp_.obj
 0003:00002c40       __scrt_ucrt_dll_is_in_use  000000018001dc40     MSVCRT:ucrt_stubs.obj
 0003:00002c70       sfGlobalDebugInstanceStruct 000000018001dc70     HSG_sfun_registry.obj
 0003:000041f8       __scrt_current_native_startup_state 000000018001f1f8     MSVCRT:utility.obj
 0003:00004200       __scrt_native_startup_lock 000000018001f200     MSVCRT:utility.obj
 0003:00004240       ?__type_info_root_node@@3U__type_info_node@@A 000000018001f240     MSVCRT:tncleanup.obj
 0003:00004250       ?_OptionsStorage@?1??__local_stdio_printf_options@@9@4_KA 000000018001f250     MSVCRT:default_local_stdio_options.obj
 0003:00004258       ?_OptionsStorage@?1??__local_stdio_scanf_options@@9@4_KA 000000018001f258     MSVCRT:default_local_stdio_options.obj
 0003:00004260       __scrt_debugger_hook_flag  000000018001f260     MSVCRT:utility_desktop.obj
 0003:00004264       __favor                    000000018001f264     MSVCRT:_cpu_disp_.obj
 0003:00004268       ?_OptionsStorage@?1??__local_stdio_printf_options@@9@9 000000018001f268     <common>
 0003:00004270       _HSGMachineNumber_         000000018001f270     <common>
 0003:00004278       __dyn_tls_init_callback    000000018001f278     <common>

 entry point at        0001:00016028

 Static symbols

 0000:00000000       .debug$S                   0000000180000000     libmx:libmx.dll
 0000:00000000       .debug$S                   0000000180000000     HSG_sfun.exp
 0000:00000000       .debug$S                   0000000180000000     libmwippfilter:libmwippfilter.dll
 0000:00000000       .debug$S                   0000000180000000     sf_runtime:sf_runtime.dll
 0000:00000000       .debug$S                   0000000180000000     sf_runtime:sf_runtime.dll
 0000:00000000       .debug$S                   0000000180000000     sf_runtime:sf_runtime.dll
 0000:00000000       .debug$S                   0000000180000000     sf_runtime:sf_runtime.dll
 0000:00000000       .debug$S                   0000000180000000     sf_runtime:sf_runtime.dll
 0000:00000000       .debug$S                   0000000180000000     ucrt:api-ms-win-crt-heap-l1-1-0.dll
 0000:00000000       .debug$S                   0000000180000000     ucrt:api-ms-win-crt-heap-l1-1-0.dll
 0000:00000000       .debug$S                   0000000180000000     ucrt:api-ms-win-crt-runtime-l1-1-0.dll
 0000:00000000       .debug$S                   0000000180000000     ucrt:api-ms-win-crt-runtime-l1-1-0.dll
 0000:00000000       .debug$S                   0000000180000000     ucrt:api-ms-win-crt-runtime-l1-1-0.dll
 0000:00000000       .debug$S                   0000000180000000     ucrt:api-ms-win-crt-runtime-l1-1-0.dll
 0000:00000000       .debug$S                   0000000180000000     ucrt:api-ms-win-crt-runtime-l1-1-0.dll
 0000:00000000       .debug$S                   0000000180000000     ucrt:api-ms-win-crt-runtime-l1-1-0.dll
 0000:00000000       .debug$S                   0000000180000000     ucrt:api-ms-win-crt-runtime-l1-1-0.dll
 0000:00000000       .debug$S                   0000000180000000     ucrt:api-ms-win-crt-runtime-l1-1-0.dll
 0000:00000000       .debug$S                   0000000180000000     ucrt:api-ms-win-crt-runtime-l1-1-0.dll
 0000:00000000       .debug$S                   0000000180000000     ucrt:api-ms-win-crt-runtime-l1-1-0.dll
 0000:00000000       .debug$S                   0000000180000000     ucrt:api-ms-win-crt-runtime-l1-1-0.dll
 0000:00000000       .debug$S                   0000000180000000     sf_runtime:sf_runtime.dll
 0000:00000000       .debug$S                   0000000180000000     ucrt:api-ms-win-crt-stdio-l1-1-0.dll
 0000:00000000       .debug$S                   0000000180000000     sf_runtime:sf_runtime.dll
 0000:00000000       .debug$S                   0000000180000000     ucrt:api-ms-win-crt-string-l1-1-0.dll
 0000:00000000       .debug$S                   0000000180000000     ucrt:api-ms-win-crt-string-l1-1-0.dll
 0000:00000000       .debug$S                   0000000180000000     sf_runtime:sf_runtime.dll
 0000:00000000       .debug$S                   0000000180000000     vcruntime:VCRUNTIME140.dll
 0000:00000000       .debug$S                   0000000180000000     vcruntime:VCRUNTIME140.dll
 0000:00000000       .debug$S                   0000000180000000     vcruntime:VCRUNTIME140.dll
 0000:00000000       .debug$S                   0000000180000000     vcruntime:VCRUNTIME140.dll
 0000:00000000       .debug$S                   0000000180000000     vcruntime:VCRUNTIME140.dll
 0000:00000000       .debug$S                   0000000180000000     vcruntime:VCRUNTIME140.dll
 0000:00000000       .debug$S                   0000000180000000     sf_runtime:sf_runtime.dll
 0000:00000000       .debug$S                   0000000180000000     kernel32:KERNEL32.dll
 0000:00000000       .debug$S                   0000000180000000     kernel32:KERNEL32.dll
 0000:00000000       .debug$S                   0000000180000000     kernel32:KERNEL32.dll
 0000:00000000       .debug$S                   0000000180000000     kernel32:KERNEL32.dll
 0000:00000000       .debug$S                   0000000180000000     kernel32:KERNEL32.dll
 0000:00000000       .debug$S                   0000000180000000     kernel32:KERNEL32.dll
 0000:00000000       .debug$S                   0000000180000000     kernel32:KERNEL32.dll
 0000:00000000       .debug$S                   0000000180000000     kernel32:KERNEL32.dll
 0000:00000000       .debug$S                   0000000180000000     kernel32:KERNEL32.dll
 0000:00000000       .debug$S                   0000000180000000     kernel32:KERNEL32.dll
 0000:00000000       .debug$S                   0000000180000000     kernel32:KERNEL32.dll
 0000:00000000       .debug$S                   0000000180000000     kernel32:KERNEL32.dll
 0000:00000000       .debug$S                   0000000180000000     kernel32:KERNEL32.dll
 0000:00000000       .debug$S                   0000000180000000     kernel32:KERNEL32.dll
 0000:00000000       .debug$S                   0000000180000000     kernel32:KERNEL32.dll
 0000:00000000       .debug$S                   0000000180000000     kernel32:KERNEL32.dll
 0000:00000000       .debug$S                   0000000180000000     kernel32:KERNEL32.dll
 0000:00000000       .debug$S                   0000000180000000     sf_runtime:sf_runtime.dll
 0000:00000000       .debug$S                   0000000180000000     sf_runtime:sf_runtime.dll
 0000:00000000       .debug$S                   0000000180000000     sf_runtime:sf_runtime.dll
 0000:00000000       .debug$S                   0000000180000000     sf_runtime:sf_runtime.dll
 0000:00000000       .debug$S                   0000000180000000     sf_runtime:sf_runtime.dll
 0000:00000000       .debug$S                   0000000180000000     sf_runtime:sf_runtime.dll
 0000:00000000       .debug$S                   0000000180000000     sf_runtime:sf_runtime.dll
 0000:00000000       .debug$S                   0000000180000000     sf_runtime:sf_runtime.dll
 0000:00000000       .debug$S                   0000000180000000     sf_runtime:sf_runtime.dll
 0000:00000000       .debug$S                   0000000180000000     sf_runtime:sf_runtime.dll
 0000:00000000       .debug$S                   0000000180000000     sf_runtime:sf_runtime.dll
 0000:00000000       .debug$S                   0000000180000000     sf_runtime:sf_runtime.dll
 0000:00000000       .debug$S                   0000000180000000     sf_runtime:sf_runtime.dll
 0000:00000000       .debug$S                   0000000180000000     sf_runtime:sf_runtime.dll
 0000:00000000       .debug$S                   0000000180000000     sf_runtime:sf_runtime.dll
 0000:00000000       .debug$S                   0000000180000000     sf_runtime:sf_runtime.dll
 0000:00000000       .debug$S                   0000000180000000     sf_runtime:sf_runtime.dll
 0000:00000000       .debug$S                   0000000180000000     sf_runtime:sf_runtime.dll
 0000:00000000       .debug$S                   0000000180000000     sf_runtime:sf_runtime.dll
 0000:00000000       .debug$S                   0000000180000000     sf_runtime:sf_runtime.dll
 0000:00000000       .debug$S                   0000000180000000     sf_runtime:sf_runtime.dll
 0000:00000000       .debug$S                   0000000180000000     sf_runtime:sf_runtime.dll
 0000:00000000       .debug$S                   0000000180000000     sf_runtime:sf_runtime.dll
 0000:00000000       .debug$S                   0000000180000000     sf_runtime:sf_runtime.dll
 0000:00000000       .debug$S                   0000000180000000     sf_runtime:sf_runtime.dll
 0000:00000000       .debug$S                   0000000180000000     sf_runtime:sf_runtime.dll
 0000:00000000       .debug$S                   0000000180000000     sf_runtime:sf_runtime.dll
 0000:00000000       .debug$S                   0000000180000000     sf_runtime:sf_runtime.dll
 0000:00000000       .debug$S                   0000000180000000     sf_runtime:sf_runtime.dll
 0000:00000000       .debug$S                   0000000180000000     sf_runtime:sf_runtime.dll
 0000:00000000       .debug$S                   0000000180000000     sf_runtime:sf_runtime.dll
 0000:00000000       .debug$S                   0000000180000000     sf_runtime:sf_runtime.dll
 0000:00000000       .debug$S                   0000000180000000     sf_runtime:sf_runtime.dll
 0000:00000000       .debug$S                   0000000180000000     sf_runtime:sf_runtime.dll
 0000:00000000       .debug$S                   0000000180000000     sf_runtime:sf_runtime.dll
 0000:00000000       .debug$S                   0000000180000000     sf_runtime:sf_runtime.dll
 0000:00000000       .debug$S                   0000000180000000     sf_runtime:sf_runtime.dll
 0000:00000000       .debug$S                   0000000180000000     sf_runtime:sf_runtime.dll
 0000:00000000       .debug$S                   0000000180000000     sf_runtime:sf_runtime.dll
 0000:00000000       .debug$S                   0000000180000000     sf_runtime:sf_runtime.dll
 0000:00000000       .debug$S                   0000000180000000     sf_runtime:sf_runtime.dll
 0000:00000000       .debug$S                   0000000180000000     sf_runtime:sf_runtime.dll
 0000:00000000       .debug$S                   0000000180000000     sf_runtime:sf_runtime.dll
 0000:00000000       .debug$S                   0000000180000000     sf_runtime:sf_runtime.dll
 0000:00000000       .debug$S                   0000000180000000     sf_runtime:sf_runtime.dll
 0000:00000000       .debug$S                   0000000180000000     sf_runtime:sf_runtime.dll
 0000:00000000       .debug$S                   0000000180000000     sf_runtime:sf_runtime.dll
 0000:00000000       .debug$S                   0000000180000000     sf_runtime:sf_runtime.dll
 0000:00000000       .debug$S                   0000000180000000     sf_runtime:sf_runtime.dll
 0000:00000000       .debug$S                   0000000180000000     sf_runtime:sf_runtime.dll
 0000:00000000       .debug$S                   0000000180000000     sf_runtime:sf_runtime.dll
 0000:00000000       .debug$S                   0000000180000000     sf_runtime:sf_runtime.dll
 0000:00000000       .debug$S                   0000000180000000     libmwrgb2gray_tbb:libmwrgb2gray_tbb.dll
 0000:00000000       .debug$S                   0000000180000000     sf_runtime:sf_runtime.dll
 0000:00000000       .debug$S                   0000000180000000     sf_runtime:sf_runtime.dll
 0000:00000000       .debug$S                   0000000180000000     libmwimfilter:libmwimfilter.dll
 0000:00000000       .debug$S                   0000000180000000     sf_runtime:sf_runtime.dll
 0000:00000000       .debug$S                   0000000180000000     sf_runtime:sf_runtime.dll
 0000:00000000       .debug$S                   0000000180000000     sf_runtime:sf_runtime.dll
 0000:00000000       .debug$S                   0000000180000000     sf_runtime:sf_runtime.dll
 0000:00000000       .debug$S                   0000000180000000     sf_runtime:sf_runtime.dll
 0000:00000000       .debug$S                   0000000180000000     sf_runtime:sf_runtime.dll
 0000:00000000       .debug$S                   0000000180000000     sf_runtime:sf_runtime.dll
 0000:00000000       .debug$S                   0000000180000000     sf_runtime:sf_runtime.dll
 0000:00000000       .debug$S                   0000000180000000     sf_runtime:sf_runtime.dll
 0000:00000000       .debug$S                   0000000180000000     libemlrt:libemlrt.dll
 0000:00000000       .debug$S                   0000000180000000     sf_runtime:sf_runtime.dll
 0000:00000000       .debug$S                   0000000180000000     libmwmathutil:libmwmathutil.dll
 0000:00000000       .debug$S                   0000000180000000     libmwmathutil:libmwmathutil.dll
 0000:00000000       .debug$S                   0000000180000000     libmwmathutil:libmwmathutil.dll
 0000:00000000       .debug$S                   0000000180000000     libmwmathutil:libmwmathutil.dll
 0000:00000000       .debug$S                   0000000180000000     libmwmathutil:libmwmathutil.dll
 0000:00000000       .debug$S                   0000000180000000     libmwmathutil:libmwmathutil.dll
 0000:00000000       .debug$S                   0000000180000000     sf_runtime:sf_runtime.dll
 0000:00000000       .debug$S                   0000000180000000     libut:libut.dll
 0000:00000000       .debug$S                   0000000180000000     libut:libut.dll
 0000:00000000       .debug$S                   0000000180000000     sf_runtime:sf_runtime.dll
 0000:00000000       .debug$S                   0000000180000000     libmex:libmex.dll
 0000:00000000       .debug$S                   0000000180000000     libmex:libmex.dll
 0000:00000000       .debug$S                   0000000180000000     libmex:libmex.dll
 0000:00000000       .debug$S                   0000000180000000     libmex:libmex.dll
 0000:00000000       .debug$S                   0000000180000000     libmex:libmex.dll
 0000:00000000       .debug$S                   0000000180000000     libmex:libmex.dll
 0000:00000000       .debug$S                   0000000180000000     libmex:libmex.dll
 0000:00000000       .debug$S                   0000000180000000     sf_runtime:sf_runtime.dll
 0000:00000000       .debug$S                   0000000180000000     libmx:libmx.dll
 0000:00000000       .debug$S                   0000000180000000     libmx:libmx.dll
 0000:00000000       .debug$S                   0000000180000000     libmx:libmx.dll
 0000:00000000       .debug$S                   0000000180000000     libmx:libmx.dll
 0000:00000000       .debug$S                   0000000180000000     libmx:libmx.dll
 0000:00000000       .debug$S                   0000000180000000     sf_runtime:sf_runtime.dll
 0000:00000000       .debug$S                   0000000180000000     libmx:libmx.dll
 0000:00000000       .debug$S                   0000000180000000     libmx:libmx.dll
 0000:00000000       .debug$S                   0000000180000000     libmx:libmx.dll
 0000:00000000       .debug$S                   0000000180000000     libmx:libmx.dll
 0000:00000000       .debug$S                   0000000180000000     libmx:libmx.dll
 0000:00000000       .debug$S                   0000000180000000     libmx:libmx.dll
 0000:00000000       .debug$S                   0000000180000000     libmx:libmx.dll
 0000:00000000       .debug$S                   0000000180000000     libmx:libmx.dll
 0000:00000000       .debug$S                   0000000180000000     libmx:libmx.dll
 0000:00000000       .debug$S                   0000000180000000     libmx:libmx.dll
 0000:00000000       .debug$S                   0000000180000000     libmx:libmx.dll
 0000:00000000       .debug$S                   0000000180000000     libmx:libmx.dll
 0000:00000000       .debug$S                   0000000180000000     libmx:libmx.dll
 0000:00000000       .debug$S                   0000000180000000     libmx:libmx.dll
 0000:00000000       .debug$S                   0000000180000000     libmx:libmx.dll
 0000:00000000       .debug$S                   0000000180000000     sf_runtime:sf_runtime.dll
 0000:00000000       .debug$S                   0000000180000000     sf_runtime:sf_runtime.dll
 0001:000011c0       chart_debug_initialization 00000001800021c0 f   c1_HSG.obj
 0001:00001b10       chart_debug_initialize_data_addresses 0000000180002b10 f   c1_HSG.obj
 0001:00001c10       initialize_c1_HSG          0000000180002c10 f   c1_HSG.obj
 0001:00001ca0       initialize_params_c1_HSG   0000000180002ca0 f   c1_HSG.obj
 0001:00001cb0       enable_c1_HSG              0000000180002cb0 f   c1_HSG.obj
 0001:00001ce0       disable_c1_HSG             0000000180002ce0 f   c1_HSG.obj
 0001:00001d10       c1_update_debugger_state_c1_HSG 0000000180002d10 f   c1_HSG.obj
 0001:00001d20       get_sim_state_c1_HSG       0000000180002d20 f   c1_HSG.obj
 0001:00001ea0       set_sim_state_c1_HSG       0000000180002ea0 f   c1_HSG.obj
 0001:00001fb0       finalize_c1_HSG            0000000180002fb0 f   c1_HSG.obj
 0001:00001fc0       sf_gateway_c1_HSG          0000000180002fc0 f   c1_HSG.obj
 0001:000021e0       mdl_start_c1_HSG           00000001800031e0 f   c1_HSG.obj
 0001:00002210       c1_chartstep_c1_HSG        0000000180003210 f   c1_HSG.obj
 0001:000079a0       initSimStructsc1_HSG       00000001800089a0 f   c1_HSG.obj
 0001:000079b0       init_script_number_translation 00000001800089b0 f   c1_HSG.obj
 0001:000079d0       c1_sf_marshallOut          00000001800089d0 f   c1_HSG.obj
 0001:00007b70       c1_emlrt_marshallIn        0000000180008b70 f   c1_HSG.obj
 0001:00007be0       c1_b_emlrt_marshallIn      0000000180008be0 f   c1_HSG.obj
 0001:00007ce0       c1_sf_marshallIn           0000000180008ce0 f   c1_HSG.obj
 0001:00007e60       c1_b_sf_marshallOut        0000000180008e60 f   c1_HSG.obj
 0001:00007f10       c1_c_emlrt_marshallIn      0000000180008f10 f   c1_HSG.obj
 0001:00007fa0       c1_b_sf_marshallIn         0000000180008fa0 f   c1_HSG.obj
 0001:00008040       c1_c_sf_marshallOut        0000000180009040 f   c1_HSG.obj
 0001:00008190       c1_d_emlrt_marshallIn      0000000180009190 f   c1_HSG.obj
 0001:00008290       c1_c_sf_marshallIn         0000000180009290 f   c1_HSG.obj
 0001:000083c0       c1_d_sf_marshallOut        00000001800093c0 f   c1_HSG.obj
 0001:00008560       c1_e_emlrt_marshallIn      0000000180009560 f   c1_HSG.obj
 0001:00008660       c1_d_sf_marshallIn         0000000180009660 f   c1_HSG.obj
 0001:000087e0       c1_e_sf_marshallOut        00000001800097e0 f   c1_HSG.obj
 0001:00008940       c1_f_sf_marshallOut        0000000180009940 f   c1_HSG.obj
 0001:00008ab0       c1_f_emlrt_marshallIn      0000000180009ab0 f   c1_HSG.obj
 0001:00008bb0       c1_e_sf_marshallIn         0000000180009bb0 f   c1_HSG.obj
 0001:00008d00       c1_g_sf_marshallOut        0000000180009d00 f   c1_HSG.obj
 0001:00008e70       c1_g_emlrt_marshallIn      0000000180009e70 f   c1_HSG.obj
 0001:00008f70       c1_f_sf_marshallIn         0000000180009f70 f   c1_HSG.obj
 0001:000090c0       c1_h_sf_marshallOut        000000018000a0c0 f   c1_HSG.obj
 0001:00009220       c1_i_sf_marshallOut        000000018000a220 f   c1_HSG.obj
 0001:00009320       c1_h_emlrt_marshallIn      000000018000a320 f   c1_HSG.obj
 0001:00009400       c1_g_sf_marshallIn         000000018000a400 f   c1_HSG.obj
 0001:000094d0       c1_imfilter                000000018000a4d0 f   c1_HSG.obj
 0001:00009970       c1_padImage                000000018000a970 f   c1_HSG.obj
 0001:00009b40       c1_b_imfilter              000000018000ab40 f   c1_HSG.obj
 0001:00009fe0       c1_error                   000000018000afe0 f   c1_HSG.obj
 0001:0000a130       c1_atan2                   000000018000b130 f   c1_HSG.obj
 0001:0000a1b0       c1_power                   000000018000b1b0 f   c1_HSG.obj
 0001:0000a220       c1_c_imfilter              000000018000b220 f   c1_HSG.obj
[...]
 0004:00000204       $pdata$c1_h_sf_marshallOut 0000000180020204     c1_HSG.obj
 0004:00000210       $pdata$c1_i_sf_marshallOut 0000000180020210     c1_HSG.obj
 0004:0000021c       $pdata$c1_h_emlrt_marshallIn 000000018002021c     c1_HSG.obj
 0004:00000228       $pdata$c1_g_sf_marshallIn  0000000180020228     c1_HSG.obj
 0004:00000234       $pdata$c1_imfilter         0000000180020234     c1_HSG.obj
 0004:00000240       $pdata$c1_padImage         0000000180020240     c1_HSG.obj
 0004:0000024c       $pdata$c1_b_imfilter       000000018002024c     c1_HSG.obj
 0004:00000258       $pdata$c1_error            0000000180020258     c1_HSG.obj
 0004:00000264       $pdata$c1_atan2            0000000180020264     c1_HSG.obj
 0004:00000270       $pdata$c1_power            0000000180020270     c1_HSG.obj
 0004:0000027c       $pdata$c1_c_imfilter       000000018002027c     c1_HSG.obj
 0004:00000288       $pdata$c1_b_padImage       0000000180020288     c1_HSG.obj
 0004:00000294       $pdata$c1_j_emlrt_marshallIn 0000000180020294     c1_HSG.obj
 0004:000002a0       $pdata$c1_k_emlrt_marshallIn 00000001800202a0     c1_HSG.obj
 0004:000002ac       $pdata$c1_b_sqrt           00000001800202ac     c1_HSG.obj
 0004:000002b8       $pdata$c1_b_floor          00000001800202b8     c1_HSG.obj
 0004:000002c4       $pdata$c1__s32_d_          00000001800202c4     c1_HSG.obj
 0004:000002d0       $pdata$init_simulink_io_address 00000001800202d0     c1_HSG.obj
 0004:000002dc       $pdata$sf_c1_HSG_get_post_codegen_info 00000001800202dc     c1_HSG.obj
 0004:000002e8       $pdata$sf_c1_HSG_get_autoinheritance_info 00000001800202e8     c1_HSG.obj
 0004:000002f4       $pdata$sf_c1_HSG_third_party_uses_info 00000001800202f4     c1_HSG.obj
 0004:00000300       $pdata$sf_c1_HSG_jit_fallback_info 0000000180020300     c1_HSG.obj
 0004:0000030c       $pdata$sf_c1_HSG_updateBuildInfo_args_info 000000018002030c     c1_HSG.obj
 0004:00000318       $pdata$sf_get_sim_state_info_c1_HSG 0000000180020318     c1_HSG.obj
 0004:00000324       $pdata$sf_opaque_initialize_c1_HSG 0000000180020324     c1_HSG.obj
 0004:00000330       $pdata$sf_opaque_enable_c1_HSG 0000000180020330     c1_HSG.obj
 0004:0000033c       $pdata$sf_opaque_disable_c1_HSG 000000018002033c     c1_HSG.obj
 0004:00000348       $pdata$sf_opaque_gateway_c1_HSG 0000000180020348     c1_HSG.obj
 0004:00000354       $pdata$sf_opaque_get_sim_state_c1_HSG 0000000180020354     c1_HSG.obj
 0004:00000360       $pdata$sf_opaque_set_sim_state_c1_HSG 0000000180020360     c1_HSG.obj
 0004:0000036c       $pdata$sf_opaque_terminate_c1_HSG 000000018002036c     c1_HSG.obj
 0004:00000378       $pdata$mdlProcessParameters_c1_HSG 0000000180020378     c1_HSG.obj
 0004:00000384       $pdata$mdlSetWorkWidths_c1_HSG 0000000180020384     c1_HSG.obj
 0004:00000390       $pdata$mdlRTW_c1_HSG       0000000180020390     c1_HSG.obj
 0004:0000039c       $pdata$mdlStart_c1_HSG     000000018002039c     c1_HSG.obj
 0004:000003a8       $pdata$mexFunction         00000001800203a8     HSG_sfun_registry.obj
 0004:000003b4       $pdata$_ssSetInputPortDirectFeedThroughFcn 00000001800203b4     HSG_sfun_registry.obj
 0004:000003c0       $pdata$_ssGetInputPortSignalPtrsFcn 00000001800203c0     HSG_sfun_registry.obj
 0004:000003cc       $pdata$_ssGetInputPortSignalFcn 00000001800203cc     HSG_sfun_registry.obj
 0004:000003d8       $pdata$_ssSetInputPortReusableFcn 00000001800203d8     HSG_sfun_registry.obj
 0004:000003e4       $pdata$_ssSetOutputPortReusableFcn 00000001800203e4     HSG_sfun_registry.obj
 0004:000003f0       $pdata$_ssSetSymbolicDimsSupport 00000001800203f0     HSG_sfun_registry.obj
 0004:000003fc       $pdata$_ssRegisterSymbolicDimsExpr 00000001800203fc     HSG_sfun_registry.obj
 0004:00000408       $pdata$_ssRegisterSymbolicDims 0000000180020408     HSG_sfun_registry.obj
 0004:00000414       $pdata$_ssRegisterSymbolicDimsString 0000000180020414     HSG_sfun_registry.obj
 0004:00000420       $pdata$_ssRegisterSymbolicDimsIntValue 0000000180020420     HSG_sfun_registry.obj
 0004:0000042c       $pdata$_ssRegisterSymbolicDimsPlus 000000018002042c     HSG_sfun_registry.obj
 0004:00000438       $pdata$_ssRegisterSymbolicDimsMinus 0000000180020438     HSG_sfun_registry.obj
 0004:00000444       $pdata$_ssRegisterSymbolicDimsMultiply 0000000180020444     HSG_sfun_registry.obj
 0004:00000450       $pdata$_ssRegisterSymbolicDimsDivide 0000000180020450     HSG_sfun_registry.obj
 0004:0000045c       $pdata$_ssGetNumSymbolicDims 000000018002045c     HSG_sfun_registry.obj
 0004:00000468       $pdata$_ssGetSymbolicDim   0000000180020468     HSG_sfun_registry.obj
 0004:00000474       $pdata$_ssSetInputPortSymbolicDimsId 0000000180020474     HSG_sfun_registry.obj
 0004:00000480       $pdata$_ssGetCompInputPortSymbolicDimsId 0000000180020480     HSG_sfun_registry.obj
 0004:0000048c       $pdata$_ssSetCompInputPortSymbolicDimsId 000000018002048c     HSG_sfun_registry.obj
 0004:00000498       $pdata$_ssSetOutputPortSymbolicDimsId 0000000180020498     HSG_sfun_registry.obj
 0004:000004a4       $pdata$_ssGetCompOutputPortSymbolicDimsId 00000001800204a4     HSG_sfun_registry.obj
 0004:000004b0       $pdata$_ssSetCompOutputPortSymbolicDimsId 00000001800204b0     HSG_sfun_registry.obj
 0004:000004bc       $pdata$_ssSetCompDWorkSymbolicDimsId 00000001800204bc     HSG_sfun_registry.obj
 0004:000004c8       $pdata$ssGetIsZeroCrossControlDisabled 00000001800204c8     HSG_sfun_registry.obj
 0004:000004d4       $pdata$ssSetIsInputPortUsedForContZcSignal 00000001800204d4     HSG_sfun_registry.obj
 0004:000004e0       $pdata$ssSetZcSignalIsZcElementDisc 00000001800204e0     HSG_sfun_registry.obj
 0004:000004ec       $pdata$ssSetZcSignalName   00000001800204ec     HSG_sfun_registry.obj
 0004:000004f8       $pdata$ssSetZcSignalWidth  00000001800204f8     HSG_sfun_registry.obj
 0004:00000504       $pdata$ssSetZcSignalZcEventType 0000000180020504     HSG_sfun_registry.obj
 0004:00000510       $pdata$ssSetZcSignalType   0000000180020510     HSG_sfun_registry.obj
 0004:0000051c       $pdata$ssSetZcSignalZcTol  000000018002051c     HSG_sfun_registry.obj
 0004:00000528       $pdata$ssSetZcSignalNeedsEventNotification 0000000180020528     HSG_sfun_registry.obj
 0004:00000534       $pdata$ssCreateAndAddZcSignalInfo 0000000180020534     HSG_sfun_registry.obj
 0004:00000540       $pdata$ssCloneAndAddZcSignalInfo 0000000180020540     HSG_sfun_registry.obj
 0004:0000054c       $pdata$ssGetNumZcSignals   000000018002054c     HSG_sfun_registry.obj
 0004:00000558       $pdata$ssGetZcSignalVector 0000000180020558     HSG_sfun_registry.obj
 0004:00000564       $pdata$ssGetZcSignalName   0000000180020564     HSG_sfun_registry.obj
 0004:00000570       $pdata$ssGetZcSignalWidth  0000000180020570     HSG_sfun_registry.obj
 0004:0000057c       $pdata$ssGetZcSignalZcEventType 000000018002057c     HSG_sfun_registry.obj
 0004:00000588       $pdata$ssGetZcSignalZcEvents 0000000180020588     HSG_sfun_registry.obj
 0004:00000594       $pdata$ssGetZcSignalType   0000000180020594     HSG_sfun_registry.obj
 0004:000005a0       $pdata$ssGetZcSignalZcTol  00000001800205a0     HSG_sfun_registry.obj
 0004:000005ac       $pdata$ssGetZcSignalNeedsEventNotification 00000001800205ac     HSG_sfun_registry.obj
 0004:000005b8       $pdata$ssGetZcSignalIsZcElementDisc 00000001800205b8     HSG_sfun_registry.obj
 0004:000005c4       $pdata$ssGetIsInputPortElementContinuous 00000001800205c4     HSG_sfun_registry.obj
 0004:000005d0       $pdata$_ssSetIWorkValueFcn 00000001800205d0     HSG_sfun_registry.obj
 0004:000005dc       $pdata$_ssGetIWorkValueFcn 00000001800205dc     HSG_sfun_registry.obj
 0004:000005e8       $pdata$_ssSetRWorkValueFcn 00000001800205e8     HSG_sfun_registry.obj
 0004:000005f4       $pdata$_ssGetRWorkValueFcn 00000001800205f4     HSG_sfun_registry.obj
 0004:00000600       $pdata$_ssSetPWorkValueFcn 0000000180020600     HSG_sfun_registry.obj
 0004:0000060c       $pdata$_ssGetPWorkValueFcn 000000018002060c     HSG_sfun_registry.obj
 0004:00000618       $pdata$ssGetDTypeIdFromMxArray 0000000180020618     HSG_sfun_registry.obj
 0004:00000624       $pdata$ssWriteRTWStr       0000000180020624     HSG_sfun_registry.obj
 0004:00000630       $pdata$ssWriteRTWNameValuePair 0000000180020630     HSG_sfun_registry.obj
 0004:0000063c       $pdata$ssWriteRTWParamSettings 000000018002063c     HSG_sfun_registry.obj
 0004:00000648       $pdata$ssWriteRTWParameters 0000000180020648     HSG_sfun_registry.obj
 0004:00000654       $pdata$ssWriteRTWWorkVect  0000000180020654     HSG_sfun_registry.obj
 0004:00000660       $pdata$ssWriteRTWMxVectParam 0000000180020660     HSG_sfun_registry.obj
 0004:0000066c       $pdata$ssWriteRTWMx2dMatParam 000000018002066c     HSG_sfun_registry.obj
 0004:00000678       $pdata$_ssSetInputPortMatrixDimensions 0000000180020678     HSG_sfun_registry.obj
 0004:00000684       $pdata$_ssSetOutputPortMatrixDimensions 0000000180020684     HSG_sfun_registry.obj
 0004:00000690       $pdata$_ssSetInputPortVectorDimension 0000000180020690     HSG_sfun_registry.obj
 0004:0000069c       $pdata$_ssSetOutputPortVectorDimension 000000018002069c     HSG_sfun_registry.obj
 0004:000006a8       $pdata$ssIsRunTimeParamTunable 00000001800206a8     HSG_sfun_registry.obj
 0004:000006b4       $pdata$ssGetSFuncBlockHandle 00000001800206b4     HSG_sfun_registry.obj
 0004:000006c0       $pdata$_ssGetCurrentInputPortWidth 00000001800206c0     HSG_sfun_registry.obj
 0004:000006cc       $pdata$_ssGetCurrentOutputPortWidth 00000001800206cc     HSG_sfun_registry.obj
 0004:000006d8       $pdata$_ssGetCallSystemNumFcnCallDestinations 00000001800206d8     HSG_sfun_registry.obj
 0004:000006e4       $pdata$ssGetParameterTuningCompliance 00000001800206e4     HSG_sfun_registry.obj
 0004:000006f0       $pdata$ssWarning           00000001800206f0     HSG_sfun_registry.obj
 0004:000006fc       $pdata$_ssGetAbsTol        00000001800206fc     HSG_sfun_registry.obj
 0004:00000708       $pdata$sf_process_check_sum_call 0000000180020708     HSG_sfun_registry.obj
 0004:00000714       $pdata$sf_process_autoinheritance_call 0000000180020714     HSG_sfun_registry.obj
 0004:00000720       $pdata$sf_process_get_third_party_uses_info_call 0000000180020720     HSG_sfun_registry.obj
 0004:0000072c       $pdata$sf_process_get_jit_fallback_info_call 000000018002072c     HSG_sfun_registry.obj
 0004:00000738       $pdata$sf_process_get_updateBuildInfo_args_info_call 0000000180020738     HSG_sfun_registry.obj
 0004:00000744       $pdata$sf_process_get_eml_resolved_functions_info_call 0000000180020744     HSG_sfun_registry.obj
 0004:00000750       $pdata$sf_mex_unlock_call  0000000180020750     HSG_sfun_registry.obj
 0004:0000075c       $pdata$sf_debug_api_wrapper 000000018002075c     HSG_sfun_registry.obj
 0004:00000768       $pdata$ProcessMexSfunctionCmdLineCall 0000000180020768     HSG_sfun_registry.obj
 0004:00000774       $pdata$sf_machine_global_initializer_called 0000000180020774     HSG_sfun_registry.obj
 0004:00000780       $pdata$sf_machine_global_method_dispatcher 0000000180020780     HSG_sfun_registry.obj
 0004:0000078c       $pdata$sf_machine_global_terminator 000000018002078c     HSG_sfun_registry.obj
 0004:00000798       $pdata$sf_register_machine_exported_symbols 0000000180020798     HSG_sfun_registry.obj
 0004:000007a4       $pdata$sf_machine_global_initializer 00000001800207a4     HSG_sfun_registry.obj
 0004:000007b0       $pdata$mdlGetSimState      00000001800207b0     HSG_sfun_registry.obj
 0004:000007bc       $pdata$mdlSetSimState      00000001800207bc     HSG_sfun_registry.obj
 0004:000007c8       $pdata$mdlSetWorkWidths    00000001800207c8     HSG_sfun_registry.obj
 0004:000007d4       $pdata$mdlProcessParameters 00000001800207d4     HSG_sfun_registry.obj
 0004:000007e0       $pdata$mdl_start_processing 00000001800207e0     HSG_sfun_registry.obj
 0004:000007ec       $pdata$mdl_terminate_processing 00000001800207ec     HSG_sfun_registry.obj
 0004:000007f8       $pdata$mdlStart            00000001800207f8     HSG_sfun_registry.obj
 0004:00000804       $pdata$mdlTerminate        0000000180020804     HSG_sfun_registry.obj
 0004:00000810       $pdata$mdlInitializeSizes  0000000180020810     HSG_sfun_registry.obj
 0004:0000081c       $pdata$mdlInitializeSampleTimes 000000018002081c     HSG_sfun_registry.obj
 0004:00000828       $pdata$mdl_outputs_continuous_legacy 0000000180020828     HSG_sfun_registry.obj
 0004:00000834       $pdata$mdl_outputs_processing 0000000180020834     HSG_sfun_registry.obj
 0004:00000840       $pdata$mdl_zeroCrossings_processing 0000000180020840     HSG_sfun_registry.obj
 0004:0000084c       $pdata$mdlZeroCrossings    000000018002084c     HSG_sfun_registry.obj
 0004:00000858       $pdata$mdl_derivatives_processing 0000000180020858     HSG_sfun_registry.obj
 0004:00000864       $pdata$mdlDerivatives      0000000180020864     HSG_sfun_registry.obj
 0004:00000870       $pdata$mdl_initialize_conditions_processing 0000000180020870     HSG_sfun_registry.obj
 0004:0000087c       $pdata$mdlInitializeConditions 000000018002087c     HSG_sfun_registry.obj
 0004:00000888       $pdata$mdl_ext_mode_exec_processing 0000000180020888     HSG_sfun_registry.obj
 0004:00000894       $pdata$mdlExtModeExec      0000000180020894     HSG_sfun_registry.obj
 0004:000008a0       $pdata$mdlRTW              00000001800208a0     HSG_sfun_registry.obj
 0004:000008ac       $pdata$mdl_enable_processing 00000001800208ac     HSG_sfun_registry.obj
 0004:000008b8       $pdata$mdlEnable           00000001800208b8     HSG_sfun_registry.obj
 0004:000008c4       $pdata$mdl_disable_processing 00000001800208c4     HSG_sfun_registry.obj
 0004:000008d0       $pdata$mdlDisable          00000001800208d0     HSG_sfun_registry.obj
 0004:000008dc       $pdata$mdlOutputs          00000001800208dc     HSG_sfun_registry.obj
 0004:000008e8       $pdata$mdl_update_processing 00000001800208e8     HSG_sfun_registry.obj
 0004:000008f4       $pdata$mdlUpdate           00000001800208f4     HSG_sfun_registry.obj
 0004:00000900       $pdata$ProcessMexSfunctionEveryCall 0000000180020900     HSG_sfun_registry.obj
 0004:0000090c       $pdata$_RegNumInputPortsCB 000000018002090c     HSG_sfun_registry.obj
 0004:00000918       $pdata$_RegNumOutputPortsCB 0000000180020918     HSG_sfun_registry.obj
 0004:00000924       $pdata$_CreateSimStruct    0000000180020924     HSG_sfun_registry.obj
 0004:00000930       $pdata$_ProcessMexSfunctionCmdLineCall 0000000180020930     HSG_sfun_registry.obj
 0004:0000093c       $pdata$ReportIndexOutOfBoundsError 000000018002093c     HSG_sfun_registry.obj
 0004:00000948       $pdata$_vsnprintf_l        0000000180020948     HSG_sfun_registry.obj
 0004:00000954       $pdata$_vsprintf_l         0000000180020954     HSG_sfun_registry.obj
 0004:00000960       $pdata$sprintf             0000000180020960     HSG_sfun_registry.obj
 0004:0000096c       $pdata$__raise_securityfailure 000000018002096c     MSVCRT:gs_report.obj
 0004:00000978       $pdata$__report_gsfailure  0000000180020978     MSVCRT:gs_report.obj
 0004:00000984       $pdata$__report_rangecheckfailure 0000000180020984     MSVCRT:gs_report.obj
 0004:00000990       $pdata$__report_securityfailure 0000000180020990     MSVCRT:gs_report.obj
 0004:0000099c       $pdata$__report_securityfailureEx 000000018002099c     MSVCRT:gs_report.obj
 0004:000009a8       $pdata$capture_current_context 00000001800209a8     MSVCRT:gs_report.obj
 0004:000009b4       $pdata$capture_previous_context 00000001800209b4     MSVCRT:gs_report.obj
 0004:000009c0       $pdata$__GSHandlerCheck    00000001800209c0     MSVCRT:_gshandler_.obj
 0004:000009cc       $pdata$__GSHandlerCheckCommon 00000001800209cc     MSVCRT:_gshandler_.obj
 0004:000009f0       $pdata$?dllmain_crt_dispatch@@YAHQEAUHINSTANCE__@@KQEAX@Z 00000001800209f0     MSVCRT:dll_dllmain.obj
 0004:000009fc       $pdata$?dllmain_crt_process_attach@@YAHQEAUHINSTANCE__@@QEAX@Z 00000001800209fc     MSVCRT:dll_dllmain.obj
 0004:00000a08       $pdata$?dllmain_crt_process_detach@@YAH_N@Z 0000000180020a08     MSVCRT:dll_dllmain.obj
 0004:00000a14       $pdata$?dllmain_dispatch@@YAHQEAUHINSTANCE__@@KQEAX@Z 0000000180020a14     MSVCRT:dll_dllmain.obj
 0004:00000a20       $pdata$?dllmain_raw@@YAHQEAUHINSTANCE__@@KQEAX@Z 0000000180020a20     MSVCRT:dll_dllmain.obj
 0004:00000a2c       $pdata$_DllMainCRTStartup  0000000180020a2c     MSVCRT:dll_dllmain.obj
 0004:00000a38       $pdata$__scrt_acquire_startup_lock 0000000180020a38     MSVCRT:utility.obj
 0004:00000a44       $pdata$__scrt_dllmain_after_initialize_c 0000000180020a44     MSVCRT:utility.obj
 0004:00000a50       $pdata$__scrt_dllmain_before_initialize_c 0000000180020a50     MSVCRT:utility.obj
 0004:00000a5c       $pdata$__scrt_dllmain_crt_thread_attach 0000000180020a5c     MSVCRT:utility.obj
 0004:00000a68       $pdata$__scrt_dllmain_crt_thread_detach 0000000180020a68     MSVCRT:utility.obj
 0004:00000a74       $pdata$__scrt_dllmain_exception_filter 0000000180020a74     MSVCRT:utility.obj
 0004:00000a80       $pdata$__scrt_dllmain_uninitialize_c 0000000180020a80     MSVCRT:utility.obj
 0004:00000a8c       $pdata$__scrt_dllmain_uninitialize_critical 0000000180020a8c     MSVCRT:utility.obj
 0004:00000a98       $pdata$__scrt_initialize_crt 0000000180020a98     MSVCRT:utility.obj
 0004:00000aa4       $pdata$__scrt_initialize_onexit_tables 0000000180020aa4     MSVCRT:utility.obj
 0004:00000ab0       $pdata$__scrt_is_nonwritable_in_current_image 0000000180020ab0     MSVCRT:utility.obj
 0004:00000abc       $pdata$__scrt_release_startup_lock 0000000180020abc     MSVCRT:utility.obj
 0004:00000ac8       $pdata$__scrt_uninitialize_crt 0000000180020ac8     MSVCRT:utility.obj
 0004:00000ad4       $pdata$_onexit             0000000180020ad4     MSVCRT:utility.obj
 0004:00000ae0       $pdata$atexit              0000000180020ae0     MSVCRT:utility.obj
 0004:00000aec       $pdata$__security_init_cookie 0000000180020aec     MSVCRT:gs_support.obj
 0004:00000af8       $pdata$DllMain             0000000180020af8     MSVCRT:dll_dllmain_stub.obj
 0004:00000b04       $pdata$__scrt_initialize_default_local_stdio_options 0000000180020b04     MSVCRT:default_local_stdio_options.obj
 0004:00000b10       $pdata$__scrt_fastfail     0000000180020b10     MSVCRT:utility_desktop.obj
 0004:00000b1c       $pdata$__scrt_get_show_window_mode 0000000180020b1c     MSVCRT:utility_desktop.obj
 0004:00000b28       $pdata$__scrt_is_managed_app 0000000180020b28     MSVCRT:utility_desktop.obj
 0004:00000b34       $pdata$__scrt_unhandled_exception_filter 0000000180020b34     MSVCRT:utility_desktop.obj
 0004:00000b40       $pdata$_RTC_Initialize     0000000180020b40     MSVCRT:_initsect_.obj
 0004:00000b4c       $pdata$_RTC_Terminate      0000000180020b4c     MSVCRT:_initsect_.obj
 0004:00000b58       $pdata$__isa_available_init 0000000180020b58     MSVCRT:_cpu_disp_.obj
 0004:00000b70       $pdata$?fin$0@?0??dllmain_crt_process_attach@@YAHQEAUHINSTANCE__@@QEAX@Z@4HA 0000000180020b70     MSVCRT:dll_dllmain.obj
 0004:00000b7c       $pdata$?fin$0@?0??dllmain_crt_process_detach@@YAH_N@Z@4HA 0000000180020b7c     MSVCRT:dll_dllmain.obj
 0004:00000b88       $pdata$?filt$0@?0??dllmain_dispatch@@YAHQEAUHINSTANCE__@@KQEAX@Z@4HA 0000000180020b88     MSVCRT:dll_dllmain.obj
 0004:00000b94       $pdata$__scrt_is_nonwritable_in_current_image$filt$0 0000000180020b94     MSVCRT:utility.obj
 0005:00000000       __guard_fids_?dllmain_crt_process_attach@@YAHQEAUHINSTANCE__@@QEAX@Z 0000000180021000     MSVCRT:dll_dllmain.obj
 0005:00000008       __guard_fids_?dllmain_dispatch@@YAHQEAUHINSTANCE__@@KQEAX@Z 0000000180021008     MSVCRT:dll_dllmain.obj
 0005:0000000c       __guard_fids___scrt_set_unhandled_exception_filter 000000018002100c     MSVCRT:utility_desktop.obj
 0005:00000010       __guard_fids__             0000000180021010     MSVCRT:guard_support.obj
 0005:00000014       __guard_fids__guard_icall_checks_enforced 0000000180021014     MSVCRT:guard_support.obj
