#-----------------------------------------------------------
# Vivado v2020.2 (64-bit)
# SW Build 3064766 on Wed Nov 18 09:12:45 MST 2020
# IP Build 3064653 on Wed Nov 18 14:17:31 MST 2020
# Start of session at: Thu Apr 15 23:51:17 2021
# Process ID: 5440
# Current directory: D:/Work/ZedMinSysHW
# Command line: vivado.exe -gui_launcher_event rodinguilauncherevent8460 D:\Work\ZedMinSysHW\ZedMinSysHW.xpr
# Log file: D:/Work/ZedMinSysHW/vivado.log
# Journal file: D:/Work/ZedMinSysHW\vivado.jou
#-----------------------------------------------------------
start_gui
open_project D:/Work/ZedMinSysHW/ZedMinSysHW.xpr
update_compile_order -fileset sources_1
report_ip_status -name ip_status 
upgrade_ip -vlnv xilinx.com:ip:RGB2Gray_ip:1.0 [get_ips  system_RGB2Gray_ip_0_0] -log ip_upgrade.log
export_ip_user_files -of_objects [get_ips system_RGB2Gray_ip_0_0] -no_script -sync -force -quiet
reset_run synth_1
launch_runs impl_1 -to_step write_bitstream -jobs 4
wait_on_run impl_1
write_hw_platform -fixed -include_bit -force -file D:/Work/ZedMinSysHW/system_wrapper.xsa
